Archive member included to satisfy reference by file (symbol)

D:/ST/STM32CubeIDE_1.8.0/STM32CubeIDE/plugins/com.st.stm32cube.ide.mcu.externaltools.gnu-tools-for-stm32.11.3.rel1.win32_1.1.100.202309141235/tools/bin/../lib/gcc/arm-none-eabi/11.3.1/../../../../arm-none-eabi/lib/thumb/v7e-m/nofp\libc_nano.a(libc_a-exit.o)
                              D:/ST/STM32CubeIDE_1.8.0/STM32CubeIDE/plugins/com.st.stm32cube.ide.mcu.externaltools.gnu-tools-for-stm32.11.3.rel1.win32_1.1.100.202309141235/tools/bin/../lib/gcc/arm-none-eabi/11.3.1/../../../../arm-none-eabi/lib/thumb/v7e-m/nofp/crt0.o (exit)
D:/ST/STM32CubeIDE_1.8.0/STM32CubeIDE/plugins/com.st.stm32cube.ide.mcu.externaltools.gnu-tools-for-stm32.11.3.rel1.win32_1.1.100.202309141235/tools/bin/../lib/gcc/arm-none-eabi/11.3.1/../../../../arm-none-eabi/lib/thumb/v7e-m/nofp\libc_nano.a(libc_a-nano-vfprintf_float.o)
                              (_printf_float)
D:/ST/STM32CubeIDE_1.8.0/STM32CubeIDE/plugins/com.st.stm32cube.ide.mcu.externaltools.gnu-tools-for-stm32.11.3.rel1.win32_1.1.100.202309141235/tools/bin/../lib/gcc/arm-none-eabi/11.3.1/../../../../arm-none-eabi/lib/thumb/v7e-m/nofp\libc_nano.a(libc_a-nano-vfprintf_i.o)
                              D:/ST/STM32CubeIDE_1.8.0/STM32CubeIDE/plugins/com.st.stm32cube.ide.mcu.externaltools.gnu-tools-for-stm32.11.3.rel1.win32_1.1.100.202309141235/tools/bin/../lib/gcc/arm-none-eabi/11.3.1/../../../../arm-none-eabi/lib/thumb/v7e-m/nofp\libc_nano.a(libc_a-nano-vfprintf_float.o) (_printf_common)
D:/ST/STM32CubeIDE_1.8.0/STM32CubeIDE/plugins/com.st.stm32cube.ide.mcu.externaltools.gnu-tools-for-stm32.11.3.rel1.win32_1.1.100.202309141235/tools/bin/../lib/gcc/arm-none-eabi/11.3.1/../../../../arm-none-eabi/lib/thumb/v7e-m/nofp\libc_nano.a(libc_a-findfp.o)
                              D:/ST/STM32CubeIDE_1.8.0/STM32CubeIDE/plugins/com.st.stm32cube.ide.mcu.externaltools.gnu-tools-for-stm32.11.3.rel1.win32_1.1.100.202309141235/tools/bin/../lib/gcc/arm-none-eabi/11.3.1/../../../../arm-none-eabi/lib/thumb/v7e-m/nofp\libc_nano.a(libc_a-exit.o) (__stdio_exit_handler)
D:/ST/STM32CubeIDE_1.8.0/STM32CubeIDE/plugins/com.st.stm32cube.ide.mcu.externaltools.gnu-tools-for-stm32.11.3.rel1.win32_1.1.100.202309141235/tools/bin/../lib/gcc/arm-none-eabi/11.3.1/../../../../arm-none-eabi/lib/thumb/v7e-m/nofp\libc_nano.a(libc_a-fwalk.o)
                              D:/ST/STM32CubeIDE_1.8.0/STM32CubeIDE/plugins/com.st.stm32cube.ide.mcu.externaltools.gnu-tools-for-stm32.11.3.rel1.win32_1.1.100.202309141235/tools/bin/../lib/gcc/arm-none-eabi/11.3.1/../../../../arm-none-eabi/lib/thumb/v7e-m/nofp\libc_nano.a(libc_a-findfp.o) (_fwalk_sglue)
D:/ST/STM32CubeIDE_1.8.0/STM32CubeIDE/plugins/com.st.stm32cube.ide.mcu.externaltools.gnu-tools-for-stm32.11.3.rel1.win32_1.1.100.202309141235/tools/bin/../lib/gcc/arm-none-eabi/11.3.1/../../../../arm-none-eabi/lib/thumb/v7e-m/nofp\libc_nano.a(libc_a-printf.o)
                              ./Src/main.o (printf)
D:/ST/STM32CubeIDE_1.8.0/STM32CubeIDE/plugins/com.st.stm32cube.ide.mcu.externaltools.gnu-tools-for-stm32.11.3.rel1.win32_1.1.100.202309141235/tools/bin/../lib/gcc/arm-none-eabi/11.3.1/../../../../arm-none-eabi/lib/thumb/v7e-m/nofp\libc_nano.a(libc_a-puts.o)
                              ./Drivers/Src/stm32f407xx_flash.o (puts)
D:/ST/STM32CubeIDE_1.8.0/STM32CubeIDE/plugins/com.st.stm32cube.ide.mcu.externaltools.gnu-tools-for-stm32.11.3.rel1.win32_1.1.100.202309141235/tools/bin/../lib/gcc/arm-none-eabi/11.3.1/../../../../arm-none-eabi/lib/thumb/v7e-m/nofp\libc_nano.a(libc_a-sprintf.o)
                              ./bsp/st7735.o (sprintf)
D:/ST/STM32CubeIDE_1.8.0/STM32CubeIDE/plugins/com.st.stm32cube.ide.mcu.externaltools.gnu-tools-for-stm32.11.3.rel1.win32_1.1.100.202309141235/tools/bin/../lib/gcc/arm-none-eabi/11.3.1/../../../../arm-none-eabi/lib/thumb/v7e-m/nofp\libc_nano.a(libc_a-stdio.o)
                              D:/ST/STM32CubeIDE_1.8.0/STM32CubeIDE/plugins/com.st.stm32cube.ide.mcu.externaltools.gnu-tools-for-stm32.11.3.rel1.win32_1.1.100.202309141235/tools/bin/../lib/gcc/arm-none-eabi/11.3.1/../../../../arm-none-eabi/lib/thumb/v7e-m/nofp\libc_nano.a(libc_a-findfp.o) (__sread)
D:/ST/STM32CubeIDE_1.8.0/STM32CubeIDE/plugins/com.st.stm32cube.ide.mcu.externaltools.gnu-tools-for-stm32.11.3.rel1.win32_1.1.100.202309141235/tools/bin/../lib/gcc/arm-none-eabi/11.3.1/../../../../arm-none-eabi/lib/thumb/v7e-m/nofp\libc_nano.a(libc_a-wbuf.o)
                              D:/ST/STM32CubeIDE_1.8.0/STM32CubeIDE/plugins/com.st.stm32cube.ide.mcu.externaltools.gnu-tools-for-stm32.11.3.rel1.win32_1.1.100.202309141235/tools/bin/../lib/gcc/arm-none-eabi/11.3.1/../../../../arm-none-eabi/lib/thumb/v7e-m/nofp\libc_nano.a(libc_a-puts.o) (__swbuf_r)
D:/ST/STM32CubeIDE_1.8.0/STM32CubeIDE/plugins/com.st.stm32cube.ide.mcu.externaltools.gnu-tools-for-stm32.11.3.rel1.win32_1.1.100.202309141235/tools/bin/../lib/gcc/arm-none-eabi/11.3.1/../../../../arm-none-eabi/lib/thumb/v7e-m/nofp\libc_nano.a(libc_a-wsetup.o)
[...]
Memory Configuration

Name             Origin             Length             Attributes
CCMRAM           0x0000000010000000 0x0000000000010000 xrw
RAM              0x0000000020000000 0x0000000000020000 xrw
FLASH            0x0000000008000000 0x0000000000100000 xr
*default*        0x0000000000000000 0xffffffffffffffff

Linker script and memory map

LOAD D:/ST/STM32CubeIDE_1.8.0/STM32CubeIDE/plugins/com.st.stm32cube.ide.mcu.externaltools.gnu-tools-for-stm32.11.3.rel1.win32_1.1.100.202309141235/tools/bin/../lib/gcc/arm-none-eabi/11.3.1/thumb/v7e-m/nofp/crti.o
LOAD D:/ST/STM32CubeIDE_1.8.0/STM32CubeIDE/plugins/com.st.stm32cube.ide.mcu.externaltools.gnu-tools-for-stm32.11.3.rel1.win32_1.1.100.202309141235/tools/bin/../lib/gcc/arm-none-eabi/11.3.1/thumb/v7e-m/nofp/crtbegin.o
LOAD D:/ST/STM32CubeIDE_1.8.0/STM32CubeIDE/plugins/com.st.stm32cube.ide.mcu.externaltools.gnu-tools-for-stm32.11.3.rel1.win32_1.1.100.202309141235/tools/bin/../lib/gcc/arm-none-eabi/11.3.1/../../../../arm-none-eabi/lib/thumb/v7e-m/nofp/crt0.o
LOAD ./Drivers/Src/stm32f407xx_flash.o
LOAD ./Drivers/Src/stm32f407xx_gpio.o
LOAD ./Drivers/Src/stm32f407xx_i2c.o
LOAD ./Drivers/Src/stm32f407xx_rcc.o
LOAD ./Drivers/Src/stm32f407xx_rtc.o
LOAD ./Drivers/Src/stm32f407xx_spi.o
LOAD ./Drivers/Src/stm32f407xx_system.o
LOAD ./Drivers/Src/stm32f407xx_tim.o
LOAD ./Drivers/Src/stm32f407xx_usart.o
LOAD ./Drivers/my libs/simple_delay.o
LOAD ./Src/main.o
LOAD ./Src/password.o
LOAD ./Src/syscalls.o
LOAD ./Src/sysmem.o
LOAD ./Startup/startup_stm32f407vgtx.o
LOAD ./bsp/4x4_keypad.o
LOAD ./bsp/logo.o
LOAD ./bsp/r308.o
LOAD ./bsp/st7735.o
LOAD ./bsp/st7735_fonts.o
START GROUP
LOAD D:/ST/STM32CubeIDE_1.8.0/STM32CubeIDE/plugins/com.st.stm32cube.ide.mcu.externaltools.gnu-tools-for-stm32.11.3.rel1.win32_1.1.100.202309141235/tools/bin/../lib/gcc/arm-none-eabi/11.3.1/../../../../arm-none-eabi/lib/thumb/v7e-m/nofp\libc_nano.a
LOAD D:/ST/STM32CubeIDE_1.8.0/STM32CubeIDE/plugins/com.st.stm32cube.ide.mcu.externaltools.gnu-tools-for-stm32.11.3.rel1.win32_1.1.100.202309141235/tools/bin/../lib/gcc/arm-none-eabi/11.3.1/../../../../arm-none-eabi/lib/thumb/v7e-m/nofp\libm.a
END GROUP
START GROUP
LOAD D:/ST/STM32CubeIDE_1.8.0/STM32CubeIDE/plugins/com.st.stm32cube.ide.mcu.externaltools.gnu-tools-for-stm32.11.3.rel1.win32_1.1.100.202309141235/tools/bin/../lib/gcc/arm-none-eabi/11.3.1/thumb/v7e-m/nofp\libgcc.a
LOAD D:/ST/STM32CubeIDE_1.8.0/STM32CubeIDE/plugins/com.st.stm32cube.ide.mcu.externaltools.gnu-tools-for-stm32.11.3.rel1.win32_1.1.100.202309141235/tools/bin/../lib/gcc/arm-none-eabi/11.3.1/../../../../arm-none-eabi/lib/thumb/v7e-m/nofp\libc_nano.a
END GROUP
START GROUP
LOAD D:/ST/STM32CubeIDE_1.8.0/STM32CubeIDE/plugins/com.st.stm32cube.ide.mcu.externaltools.gnu-tools-for-stm32.11.3.rel1.win32_1.1.100.202309141235/tools/bin/../lib/gcc/arm-none-eabi/11.3.1/thumb/v7e-m/nofp\libgcc.a
LOAD D:/ST/STM32CubeIDE_1.8.0/STM32CubeIDE/plugins/com.st.stm32cube.ide.mcu.externaltools.gnu-tools-for-stm32.11.3.rel1.win32_1.1.100.202309141235/tools/bin/../lib/gcc/arm-none-eabi/11.3.1/../../../../arm-none-eabi/lib/thumb/v7e-m/nofp\libc_nano.a
LOAD D:/ST/STM32CubeIDE_1.8.0/STM32CubeIDE/plugins/com.st.stm32cube.ide.mcu.externaltools.gnu-tools-for-stm32.11.3.rel1.win32_1.1.100.202309141235/tools/bin/../lib/gcc/arm-none-eabi/11.3.1/../../../../arm-none-eabi/lib/thumb/v7e-m/nofp\libnosys.a
END GROUP
START GROUP
LOAD D:/ST/STM32CubeIDE_1.8.0/STM32CubeIDE/plugins/com.st.stm32cube.ide.mcu.externaltools.gnu-tools-for-stm32.11.3.rel1.win32_1.1.100.202309141235/tools/bin/../lib/gcc/arm-none-eabi/11.3.1/thumb/v7e-m/nofp\libgcc.a
LOAD D:/ST/STM32CubeIDE_1.8.0/STM32CubeIDE/plugins/com.st.stm32cube.ide.mcu.externaltools.gnu-tools-for-stm32.11.3.rel1.win32_1.1.100.202309141235/tools/bin/../lib/gcc/arm-none-eabi/11.3.1/../../../../arm-none-eabi/lib/thumb/v7e-m/nofp\libc_nano.a
LOAD D:/ST/STM32CubeIDE_1.8.0/STM32CubeIDE/plugins/com.st.stm32cube.ide.mcu.externaltools.gnu-tools-for-stm32.11.3.rel1.win32_1.1.100.202309141235/tools/bin/../lib/gcc/arm-none-eabi/11.3.1/../../../../arm-none-eabi/lib/thumb/v7e-m/nofp\libnosys.a
END GROUP
LOAD D:/ST/STM32CubeIDE_1.8.0/STM32CubeIDE/plugins/com.st.stm32cube.ide.mcu.externaltools.gnu-tools-for-stm32.11.3.rel1.win32_1.1.100.202309141235/tools/bin/../lib/gcc/arm-none-eabi/11.3.1/thumb/v7e-m/nofp/crtend.o
LOAD D:/ST/STM32CubeIDE_1.8.0/STM32CubeIDE/plugins/com.st.stm32cube.ide.mcu.externaltools.gnu-tools-for-stm32.11.3.rel1.win32_1.1.100.202309141235/tools/bin/../lib/gcc/arm-none-eabi/11.3.1/thumb/v7e-m/nofp/crtn.o
                0x0000000020020000                _estack = (ORIGIN (RAM) + LENGTH (RAM))
                0x0000000000000200                _Min_Heap_Size = 0x200
                0x0000000000000400                _Min_Stack_Size = 0x400

.isr_vector     0x0000000008000000      0x188
                0x0000000008000000                . = ALIGN (0x4)
 *(.isr_vector)
 .isr_vector    0x0000000008000000      0x188 ./Startup/startup_stm32f407vgtx.o
                0x0000000008000000                g_pfnVectors
                0x0000000008000188                . = ALIGN (0x4)

.text           0x0000000008000190     0xd3f4
                0x0000000008000190                . = ALIGN (0x4)
 *(.text)
 .text          0x0000000008000190       0x40 D:/ST/STM32CubeIDE_1.8.0/STM32CubeIDE/plugins/com.st.stm32cube.ide.mcu.externaltools.gnu-tools-for-stm32.11.3.rel1.win32_1.1.100.202309141235/tools/bin/../lib/gcc/arm-none-eabi/11.3.1/thumb/v7e-m/nofp/crtbegin.o
 .text          0x00000000080001d0       0xa0 D:/ST/STM32CubeIDE_1.8.0/STM32CubeIDE/plugins/com.st.stm32cube.ide.mcu.externaltools.gnu-tools-for-stm32.11.3.rel1.win32_1.1.100.202309141235/tools/bin/../lib/gcc/arm-none-eabi/11.3.1/../../../../arm-none-eabi/lib/thumb/v7e-m/nofp\libc_nano.a(libc_a-memchr.o)
                0x00000000080001d0                memchr
 .text          0x0000000008000270       0x10 D:/ST/STM32CubeIDE_1.8.0/STM32CubeIDE/plugins/com.st.stm32cube.ide.mcu.externaltools.gnu-tools-for-stm32.11.3.rel1.win32_1.1.100.202309141235/tools/bin/../lib/gcc/arm-none-eabi/11.3.1/../../../../arm-none-eabi/lib/thumb/v7e-m/nofp\libc_nano.a(libc_a-strlen.o)
                0x0000000008000270                strlen
 .text          0x0000000008000280      0x378 D:/ST/STM32CubeIDE_1.8.0/STM32CubeIDE/plugins/com.st.stm32cube.ide.mcu.externaltools.gnu-tools-for-stm32.11.3.rel1.win32_1.1.100.202309141235/tools/bin/../lib/gcc/arm-none-eabi/11.3.1/thumb/v7e-m/nofp\libgcc.a(_arm_addsubdf3.o)
                0x0000000008000280                __aeabi_drsub
                0x0000000008000288                __aeabi_dsub
                0x0000000008000288                __subdf3
                0x000000000800028c                __aeabi_dadd
                0x000000000800028c                __adddf3
                0x0000000008000504                __floatunsidf
                0x0000000008000504                __aeabi_ui2d
                0x0000000008000524                __floatsidf
                0x0000000008000524                __aeabi_i2d
                0x0000000008000548                __aeabi_f2d
                0x0000000008000548                __extendsfdf2
                0x000000000800058c                __floatundidf
                0x000000000800058c                __aeabi_ul2d
                0x000000000800059c                __floatdidf
                0x000000000800059c                __aeabi_l2d
 .text          0x00000000080005f8      0x424 D:/ST/STM32CubeIDE_1.8.0/STM32CubeIDE/plugins/com.st.stm32cube.ide.mcu.externaltools.gnu-tools-for-stm32.11.3.rel1.win32_1.1.100.202309141235/tools/bin/../lib/gcc/arm-none-eabi/11.3.1/thumb/v7e-m/nofp\libgcc.a(_arm_muldivdf3.o)
                0x00000000080005f8                __aeabi_dmul
                0x00000000080005f8                __muldf3
                0x000000000800084c                __divdf3
                0x000000000800084c                __aeabi_ddiv
 .text          0x0000000008000a1c      0x110 D:/ST/STM32CubeIDE_1.8.0/STM32CubeIDE/plugins/com.st.stm32cube.ide.mcu.externaltools.gnu-tools-for-stm32.11.3.rel1.win32_1.1.100.202309141235/tools/bin/../lib/gcc/arm-none-eabi/11.3.1/thumb/v7e-m/nofp\libgcc.a(_arm_cmpdf2.o)
                0x0000000008000a1c                __gtdf2
                0x0000000008000a1c                __gedf2
                0x0000000008000a24                __ltdf2
                0x0000000008000a24                __ledf2
                0x0000000008000a2c                __nedf2
                0x0000000008000a2c                __eqdf2
                0x0000000008000a2c                __cmpdf2
                0x0000000008000aa8                __aeabi_cdrcmple
                0x0000000008000ab8                __aeabi_cdcmpeq
                0x0000000008000ab8                __aeabi_cdcmple
                0x0000000008000ac8                __aeabi_dcmpeq
                0x0000000008000adc                __aeabi_dcmplt
                0x0000000008000af0                __aeabi_dcmple
                0x0000000008000b04                __aeabi_dcmpge
                0x0000000008000b18                __aeabi_dcmpgt
 .text          0x0000000008000b2c       0x2c D:/ST/STM32CubeIDE_1.8.0/STM32CubeIDE/plugins/com.st.stm32cube.ide.mcu.externaltools.gnu-tools-for-stm32.11.3.rel1.win32_1.1.100.202309141235/tools/bin/../lib/gcc/arm-none-eabi/11.3.1/thumb/v7e-m/nofp\libgcc.a(_arm_unorddf2.o)
                0x0000000008000b2c                __unorddf2
                0x0000000008000b2c                __aeabi_dcmpun
 .text          0x0000000008000b58       0x50 D:/ST/STM32CubeIDE_1.8.0/STM32CubeIDE/plugins/com.st.stm32cube.ide.mcu.externaltools.gnu-tools-for-stm32.11.3.rel1.win32_1.1.100.202309141235/tools/bin/../lib/gcc/arm-none-eabi/11.3.1/thumb/v7e-m/nofp\libgcc.a(_arm_fixdfsi.o)
                0x0000000008000b58                __aeabi_d2iz
                0x0000000008000b58                __fixdfsi
 .text          0x0000000008000ba8       0x40 D:/ST/STM32CubeIDE_1.8.0/STM32CubeIDE/plugins/com.st.stm32cube.ide.mcu.externaltools.gnu-tools-for-stm32.11.3.rel1.win32_1.1.100.202309141235/tools/bin/../lib/gcc/arm-none-eabi/11.3.1/thumb/v7e-m/nofp\libgcc.a(_arm_fixunsdfsi.o)
                0x0000000008000ba8                __aeabi_d2uiz
                0x0000000008000ba8                __fixunsdfsi
 .text          0x0000000008000be8      0x21c D:/ST/STM32CubeIDE_1.8.0/STM32CubeIDE/plugins/com.st.stm32cube.ide.mcu.externaltools.gnu-tools-for-stm32.11.3.rel1.win32_1.1.100.202309141235/tools/bin/../lib/gcc/arm-none-eabi/11.3.1/thumb/v7e-m/nofp\libgcc.a(_arm_addsubsf3.o)
                0x0000000008000be8                __aeabi_frsub
                0x0000000008000bf0                __subsf3
                0x0000000008000bf0                __aeabi_fsub
                0x0000000008000bf4                __aeabi_fadd
                0x0000000008000bf4                __addsf3
                0x0000000008000d54                __aeabi_ui2f
                0x0000000008000d54                __floatunsisf
                0x0000000008000d5c                __aeabi_i2f
                0x0000000008000d5c                __floatsisf
                0x0000000008000d78                __aeabi_ul2f
                0x0000000008000d78                __floatundisf
                0x0000000008000d88                __aeabi_l2f
                0x0000000008000d88                __floatdisf
 .text          0x0000000008000e04       0x30 D:/ST/STM32CubeIDE_1.8.0/STM32CubeIDE/plugins/com.st.stm32cube.ide.mcu.externaltools.gnu-tools-for-stm32.11.3.rel1.win32_1.1.100.202309141235/tools/bin/../lib/gcc/arm-none-eabi/11.3.1/thumb/v7e-m/nofp\libgcc.a(_aeabi_uldivmod.o)
                0x0000000008000e04                __aeabi_uldivmod
 .text          0x0000000008000e34      0x2c8 D:/ST/STM32CubeIDE_1.8.0/STM32CubeIDE/plugins/com.st.stm32cube.ide.mcu.externaltools.gnu-tools-for-stm32.11.3.rel1.win32_1.1.100.202309141235/tools/bin/../lib/gcc/arm-none-eabi/11.3.1/thumb/v7e-m/nofp\libgcc.a(_udivmoddi4.o)
                0x0000000008000e34                __udivmoddi4
 .text          0x00000000080010fc        0x4 D:/ST/STM32CubeIDE_1.8.0/STM32CubeIDE/plugins/com.st.stm32cube.ide.mcu.externaltools.gnu-tools-for-stm32.11.3.rel1.win32_1.1.100.202309141235/tools/bin/../lib/gcc/arm-none-eabi/11.3.1/thumb/v7e-m/nofp\libgcc.a(_dvmd_tls.o)
                0x00000000080010fc                __aeabi_idiv0
                0x00000000080010fc                __aeabi_ldiv0
 *(.text*)
 .text.GPIO_PeriphClockControl
                0x0000000008001100      0x138 ./Drivers/Src/stm32f407xx_gpio.o
                0x0000000008001100                GPIO_PeriphClockControl
 .text.GPIO_Init
                0x0000000008001238      0x44c ./Drivers/Src/stm32f407xx_gpio.o
                0x0000000008001238                GPIO_Init
 .text.GPIO_ReadPin
                0x0000000008001684       0x2e ./Drivers/Src/stm32f407xx_gpio.o
                0x0000000008001684                GPIO_ReadPin
 .text.GPIO_WritePin
                0x00000000080016b2       0x48 ./Drivers/Src/stm32f407xx_gpio.o
                0x00000000080016b2                GPIO_WritePin
 *fill*         0x00000000080016fa        0x2 
 .text.RCC_OscConfig
                0x00000000080016fc      0x190 ./Drivers/Src/stm32f407xx_rcc.o
                0x00000000080016fc                RCC_OscConfig
 .text.RCC_ClockConfig
                0x000000000800188c      0x12c ./Drivers/Src/stm32f407xx_rcc.o
                0x000000000800188c                RCC_ClockConfig
 .text.RCC_GetSysClockFreq
                0x00000000080019b8       0x90 ./Drivers/Src/stm32f407xx_rcc.o
                0x00000000080019b8                RCC_GetSysClockFreq
 .text.RCC_GetPLLOutputClock
                0x0000000008001a48       0xf0 ./Drivers/Src/stm32f407xx_rcc.o
                0x0000000008001a48                RCC_GetPLLOutputClock
 .text.RCC_GetPCLK1Freq
                0x0000000008001b38       0xcc ./Drivers/Src/stm32f407xx_rcc.o
                0x0000000008001b38                RCC_GetPCLK1Freq
 .text.RCC_GetPCLK2Freq
                0x0000000008001c04       0xc0 ./Drivers/Src/stm32f407xx_rcc.o
                0x0000000008001c04                RCC_GetPCLK2Freq
 .text.SPI_PeriphClockControl
                0x0000000008001cc4       0x78 ./Drivers/Src/stm32f407xx_spi.o
                0x0000000008001cc4                SPI_PeriphClockControl
 .text.SPI_Init
                0x0000000008001d3c      0x108 ./Drivers/Src/stm32f407xx_spi.o
                0x0000000008001d3c                SPI_Init
 .text.SPI_GetFLagStatus
                0x0000000008001e44       0xb4 ./Drivers/Src/stm32f407xx_spi.o
                0x0000000008001e44                SPI_GetFLagStatus
 .text.SPI_PeripheralControl
                0x0000000008001ef8       0x28 ./Drivers/Src/stm32f407xx_spi.o
                0x0000000008001ef8                SPI_PeripheralControl
 .text.SPI_SSIConfig
                0x0000000008001f20       0x28 ./Drivers/Src/stm32f407xx_spi.o
                0x0000000008001f20                SPI_SSIConfig
 .text.SPI_SendData
                0x0000000008001f48       0x70 ./Drivers/Src/stm32f407xx_spi.o
                0x0000000008001f48                SPI_SendData
 .text.__NVIC_SetPriority
                0x0000000008001fb8       0x54 ./Drivers/Src/stm32f407xx_system.o
 .text.SysTick_Config
                0x000000000800200c       0x44 ./Drivers/Src/stm32f407xx_system.o
 .text.SysTick_Init
                0x0000000008002050       0x24 ./Drivers/Src/stm32f407xx_system.o
                0x0000000008002050                SysTick_Init
 .text.SysTick_Handler
                0x0000000008002074       0x1c ./Drivers/Src/stm32f407xx_system.o
                0x0000000008002074                SysTick_Handler
 .text.GetTick  0x0000000008002090       0x14 ./Drivers/Src/stm32f407xx_system.o
                0x0000000008002090                GetTick
 .text.TIM_PeriphControl
                0x00000000080020a4      0x1c8 ./Drivers/Src/stm32f407xx_tim.o
                0x00000000080020a4                TIM_PeriphControl
 .text.TIM_Base_Init
                0x000000000800226c       0x42 ./Drivers/Src/stm32f407xx_tim.o
                0x000000000800226c                TIM_Base_Init
 .text.TIM_Base_StartIT
                0x00000000080022ae       0x2a ./Drivers/Src/stm32f407xx_tim.o
                0x00000000080022ae                TIM_Base_StartIT
 .text.TIM_PWM_Init
                0x00000000080022d8       0x42 ./Drivers/Src/stm32f407xx_tim.o
                0x00000000080022d8                TIM_PWM_Init
 *fill*         0x000000000800231a        0x2 
 .text.TIM_PWM_Start
                0x000000000800231c       0x7c ./Drivers/Src/stm32f407xx_tim.o
                0x000000000800231c                TIM_PWM_Start
 .text.TIM_PWM_ConfigChannel
                0x0000000008002398      0x154 ./Drivers/Src/stm32f407xx_tim.o
                0x0000000008002398                TIM_PWM_ConfigChannel
 .text.TIM_ConfigClockSource
                0x00000000080024ec      0x16c ./Drivers/Src/stm32f407xx_tim.o
                0x00000000080024ec                TIM_ConfigClockSource
 .text.tim_base_setConfig
                0x0000000008002658      0x5f8 ./Drivers/Src/stm32f407xx_tim.o
 .text.tim_CCxChannelCmd
                0x0000000008002c50      0x9a4 ./Drivers/Src/stm32f407xx_tim.o
 .text.tim_channel_state_set
                0x00000000080035f4       0x8e ./Drivers/Src/stm32f407xx_tim.o
 .text.tim_channel_n_state_set
                0x0000000008003682       0x8e ./Drivers/Src/stm32f407xx_tim.o
 .text.tim_it_control
                0x0000000008003710      0xc78 ./Drivers/Src/stm32f407xx_tim.o
 .text.tim_read_ccmrx
                0x0000000008004388      0x158 ./Drivers/Src/stm32f407xx_tim.o
                0x0000000008004388                tim_read_ccmrx
 .text.tim_read_ccer
                0x00000000080044e0       0xec ./Drivers/Src/stm32f407xx_tim.o
                0x00000000080044e0                tim_read_ccer
 .text.tim_read_cr2
                0x00000000080045cc       0xd0 ./Drivers/Src/stm32f407xx_tim.o
                0x00000000080045cc                tim_read_cr2
 .text.tim_read_smcr
                0x000000000800469c       0xb4 ./Drivers/Src/stm32f407xx_tim.o
                0x000000000800469c                tim_read_smcr
 .text.tim_write_to_cr2
                0x0000000008004750       0xe4 ./Drivers/Src/stm32f407xx_tim.o
 .text.tim_write_to_ccer
                0x0000000008004834       0xe4 ./Drivers/Src/stm32f407xx_tim.o
 .text.tim_write_to_ccmrx
                0x0000000008004918      0x17c ./Drivers/Src/stm32f407xx_tim.o
 .text.tim_write_to_ccrx
                0x0000000008004a94      0x28c ./Drivers/Src/stm32f407xx_tim.o
 .text.tim_write_to_smcr
                0x0000000008004d20       0xc4 ./Drivers/Src/stm32f407xx_tim.o
 .text.tim_oc1_set_config
                0x0000000008004de4      0x180 ./Drivers/Src/stm32f407xx_tim.o
 .text.tim_oc2_set_config
                0x0000000008004f64      0x180 ./Drivers/Src/stm32f407xx_tim.o
 .text.tim_oc3_set_config
                0x00000000080050e4      0x180 ./Drivers/Src/stm32f407xx_tim.o
 .text.tim_oc4_set_config
                0x0000000008005264      0x15e ./Drivers/Src/stm32f407xx_tim.o
 .text.tim_etr_set_config
                0x00000000080053c2       0x7e ./Drivers/Src/stm32f407xx_tim.o
 .text.tim_itrx_set_config
                0x0000000008005440       0x4a ./Drivers/Src/stm32f407xx_tim.o
 .text.tim_ti1_config_input_stage
                0x000000000800548a       0x98 ./Drivers/Src/stm32f407xx_tim.o
 .text.tim_ti2_config_input_stage
                0x0000000008005522       0x98 ./Drivers/Src/stm32f407xx_tim.o
 *fill*         0x00000000080055ba        0x2 
 .text.USART_SetBaudRate
                0x00000000080055bc      0x100 ./Drivers/Src/stm32f407xx_usart.o
                0x00000000080055bc                USART_SetBaudRate
 .text.USART_Init
                0x00000000080056bc      0x11c ./Drivers/Src/stm32f407xx_usart.o
                0x00000000080056bc                USART_Init
 .text.USART_PeripheralControl
                0x00000000080057d8       0x28 ./Drivers/Src/stm32f407xx_usart.o
                0x00000000080057d8                USART_PeripheralControl
 .text.USART_PeriClockControl
                0x0000000008005800       0xd8 ./Drivers/Src/stm32f407xx_usart.o
                0x0000000008005800                USART_PeriClockControl
 .text.USART_GetFlagStatus
                0x00000000080058d8       0xc4 ./Drivers/Src/stm32f407xx_usart.o
                0x00000000080058d8                USART_GetFlagStatus
 .text.USART_ClearFlag
                0x000000000800599c       0xc4 ./Drivers/Src/stm32f407xx_usart.o
                0x000000000800599c                USART_ClearFlag
 .text.USART_IRQInterruptConfig
                0x0000000008005a60      0x13c ./Drivers/Src/stm32f407xx_usart.o
                0x0000000008005a60                USART_IRQInterruptConfig
 .text.TIM1_Config
                0x0000000008005b9c       0x50 ./Drivers/my libs/simple_delay.o
                0x0000000008005b9c                TIM1_Config
 .text.delay_us
                0x0000000008005bec       0x2c ./Drivers/my libs/simple_delay.o
                0x0000000008005bec                delay_us
 .text.delay_ms
                0x0000000008005c18       0x2e ./Drivers/my libs/simple_delay.o
                0x0000000008005c18                delay_ms
 *fill*         0x0000000008005c46        0x2 
 .text.__NVIC_EnableIRQ
                0x0000000008005c48       0x38 ./Src/main.o
 .text.__NVIC_SetPriority
                0x0000000008005c80       0x54 ./Src/main.o
 .text.ST7735_Config
                0x0000000008005cd4       0x90 ./Src/main.o
                0x0000000008005cd4                ST7735_Config
 .text.R308_Config
                0x0000000008005d64       0x44 ./Src/main.o
                0x0000000008005d64                R308_Config
 .text.main     0x0000000008005da8      0x14c ./Src/main.o
                0x0000000008005da8                main
 .text.TIM_PeriodElapsedCallback
                0x0000000008005ef4       0x28 ./Src/main.o
                0x0000000008005ef4                TIM_PeriodElapsedCallback
 .text.TIM3_IRQHandler
                0x0000000008005f1c       0x30 ./Src/main.o
                0x0000000008005f1c                TIM3_IRQHandler
 .text.MainMenu
                0x0000000008005f4c       0x98 ./Src/main.o
                0x0000000008005f4c                MainMenu
 .text.GetFreeIndex
                0x0000000008005fe4       0x68 ./Src/main.o
                0x0000000008005fe4                GetFreeIndex
 .text.EnrollFingerprint
                0x000000000800604c      0x2e0 ./Src/main.o
                0x000000000800604c                EnrollFingerprint
 .text.EnrollmentAttempt
                0x000000000800632c       0x34 ./Src/main.o
                0x000000000800632c                EnrollmentAttempt
 .text.SearchDatabase
                0x0000000008006360      0x1ec ./Src/main.o
                0x0000000008006360                SearchDatabase
 .text.TIM2_Config
                0x000000000800654c       0xa8 ./Src/main.o
                0x000000000800654c                TIM2_Config
 .text.TIM3_Config
                0x00000000080065f4       0x78 ./Src/main.o
                0x00000000080065f4                TIM3_Config
 .text.SystemClock_Config
                0x000000000800666c       0x98 ./Src/main.o
                0x000000000800666c                SystemClock_Config
 .text.__NVIC_SystemReset
                0x0000000008006704       0x2c ./Src/password.o
 .text.BuzzerAlert
                0x0000000008006730      0x28c ./Src/password.o
                0x0000000008006730                BuzzerAlert
 .text.SecondStepAuth
                0x00000000080069bc       0x60 ./Src/password.o
                0x00000000080069bc                SecondStepAuth
 .text.WelcomeScreen
                0x0000000008006a1c       0x38 ./Src/password.o
                0x0000000008006a1c                WelcomeScreen
 .text.EnterPassword
                0x0000000008006a54      0xc9c ./Src/password.o
                0x0000000008006a54                EnterPassword
 .text.ChangePasswordMenu
                0x00000000080076f0      0x110 ./Src/password.o
                0x00000000080076f0                ChangePasswordMenu
 .text.DatabaseOperationsMenu
                0x0000000008007800      0x19c ./Src/password.o
                0x0000000008007800                DatabaseOperationsMenu
 .text.EmptyDBWarning
                0x000000000800799c      0x100 ./Src/password.o
                0x000000000800799c                EmptyDBWarning
 .text.ChangeAdminPassword
                0x0000000008007a9c      0x100 ./Src/password.o
                0x0000000008007a9c                ChangeAdminPassword
 .text.ChangeUserPassword
                0x0000000008007b9c      0x100 ./Src/password.o
                0x0000000008007b9c                ChangeUserPassword
 .text.ChangeAlarmWarning
                0x0000000008007c9c      0x108 ./Src/password.o
                0x0000000008007c9c                ChangeAlarmWarning
 .text.SetNewAlarmTime
                0x0000000008007da4      0x1ec ./Src/password.o
                0x0000000008007da4                SetNewAlarmTime
 .text.TimeoutMessage
                0x0000000008007f90       0x54 ./Src/password.o
                0x0000000008007f90                TimeoutMessage
 .text.PasswordConfirmation
                0x0000000008007fe4       0xdc ./Src/password.o
                0x0000000008007fe4                PasswordConfirmation
 .text.AdminSettingsMenu
                0x00000000080080c0      0x20c ./Src/password.o
                0x00000000080080c0                AdminSettingsMenu
 .text.Unlock   0x00000000080082cc      0x2ac ./Src/password.o
                0x00000000080082cc                Unlock
 .text.EmptyDB  0x0000000008008578       0x8c ./Src/password.o
                0x0000000008008578                EmptyDB
 .text.Delete_ID
                0x0000000008008604      0x1f8 ./Src/password.o
                0x0000000008008604                Delete_ID
 .text.ITM_SendChar
                0x00000000080087fc       0x4c ./Src/syscalls.o
                0x00000000080087fc                ITM_SendChar
 .text._getpid  0x0000000008008848        0xe ./Src/syscalls.o
                0x0000000008008848                _getpid
 .text._kill    0x0000000008008856       0x20 ./Src/syscalls.o
                0x0000000008008856                _kill
 .text._exit    0x0000000008008876       0x14 ./Src/syscalls.o
                0x0000000008008876                _exit
 .text._read    0x000000000800888a       0x3a ./Src/syscalls.o
                0x000000000800888a                _read
 .text._write   0x00000000080088c4       0x38 ./Src/syscalls.o
                0x00000000080088c4                _write
 .text._close   0x00000000080088fc       0x16 ./Src/syscalls.o
                0x00000000080088fc                _close
 .text._fstat   0x0000000008008912       0x1e ./Src/syscalls.o
                0x0000000008008912                _fstat
 .text._isatty  0x0000000008008930       0x14 ./Src/syscalls.o
                0x0000000008008930                _isatty
 .text._lseek   0x0000000008008944       0x18 ./Src/syscalls.o
                0x0000000008008944                _lseek
 .text._sbrk    0x000000000800895c       0x6c ./Src/sysmem.o
                0x000000000800895c                _sbrk
 .text.Reset_Handler
                0x00000000080089c8       0x50 ./Startup/startup_stm32f407vgtx.o
                0x00000000080089c8                Reset_Handler
 .text.Default_Handler
                0x0000000008008a18        0x2 ./Startup/startup_stm32f407vgtx.o
                0x0000000008008a18                RTC_Alarm_IRQHandler
                0x0000000008008a18                HASH_RNG_IRQHandler
                0x0000000008008a18                EXTI2_IRQHandler
                0x0000000008008a18                TIM8_CC_IRQHandler
                0x0000000008008a18                DebugMon_Handler
                0x0000000008008a18                TIM1_CC_IRQHandler
                0x0000000008008a18                DMA2_Stream5_IRQHandler
                0x0000000008008a18                HardFault_Handler
                0x0000000008008a18                DMA1_Stream5_IRQHandler
                0x0000000008008a18                PVD_IRQHandler
                0x0000000008008a18                SDIO_IRQHandler
                0x0000000008008a18                TAMP_STAMP_IRQHandler
                0x0000000008008a18                PendSV_Handler
                0x0000000008008a18                NMI_Handler
                0x0000000008008a18                CAN2_RX1_IRQHandler
                0x0000000008008a18                EXTI3_IRQHandler
                0x0000000008008a18                TIM8_TRG_COM_TIM14_IRQHandler
                0x0000000008008a18                TIM1_UP_TIM10_IRQHandler
                0x0000000008008a18                TIM8_UP_TIM13_IRQHandler
                0x0000000008008a18                I2C3_ER_IRQHandler
                0x0000000008008a18                EXTI0_IRQHandler
                0x0000000008008a18                I2C2_EV_IRQHandler
                0x0000000008008a18                DMA1_Stream2_IRQHandler
                0x0000000008008a18                CAN1_RX0_IRQHandler
                0x0000000008008a18                FPU_IRQHandler
                0x0000000008008a18                OTG_HS_WKUP_IRQHandler
                0x0000000008008a18                UsageFault_Handler
                0x0000000008008a18                CAN2_SCE_IRQHandler
                0x0000000008008a18                DMA2_Stream2_IRQHandler
                0x0000000008008a18                SPI1_IRQHandler
                0x0000000008008a18                TIM6_DAC_IRQHandler
                0x0000000008008a18                TIM1_BRK_TIM9_IRQHandler
                0x0000000008008a18                DCMI_IRQHandler
                0x0000000008008a18                CAN2_RX0_IRQHandler
                0x0000000008008a18                DMA2_Stream3_IRQHandler
                0x0000000008008a18                USART6_IRQHandler
                0x0000000008008a18                CRYP_IRQHandler
                0x0000000008008a18                CAN1_RX1_IRQHandler
                0x0000000008008a18                UART5_IRQHandler
                0x0000000008008a18                DMA2_Stream0_IRQHandler
                0x0000000008008a18                TIM4_IRQHandler
                0x0000000008008a18                I2C1_EV_IRQHandler
                0x0000000008008a18                DMA1_Stream6_IRQHandler
                0x0000000008008a18                DMA1_Stream1_IRQHandler
                0x0000000008008a18                UART4_IRQHandler
                0x0000000008008a18                RCC_IRQHandler
                0x0000000008008a18                TIM8_BRK_TIM12_IRQHandler
                0x0000000008008a18                Default_Handler
                0x0000000008008a18                EXTI15_10_IRQHandler
                0x0000000008008a18                ADC_IRQHandler
                0x0000000008008a18                DMA1_Stream7_IRQHandler
                0x0000000008008a18                TIM7_IRQHandler
                0x0000000008008a18                CAN2_TX_IRQHandler
                0x0000000008008a18                TIM5_IRQHandler
                0x0000000008008a18                DMA2_Stream7_IRQHandler
                0x0000000008008a18                I2C3_EV_IRQHandler
                0x0000000008008a18                EXTI9_5_IRQHandler
                0x0000000008008a18                RTC_WKUP_IRQHandler
                0x0000000008008a18                ETH_WKUP_IRQHandler
                0x0000000008008a18                SPI2_IRQHandler
                0x0000000008008a18                OTG_HS_EP1_IN_IRQHandler
                0x0000000008008a18                MemManage_Handler
                0x0000000008008a18                DMA1_Stream0_IRQHandler
                0x0000000008008a18                CAN1_TX_IRQHandler
                0x0000000008008a18                SVC_Handler
                0x0000000008008a18                EXTI4_IRQHandler
                0x0000000008008a18                FSMC_IRQHandler
                0x0000000008008a18                ETH_IRQHandler
                0x0000000008008a18                OTG_HS_EP1_OUT_IRQHandler
                0x0000000008008a18                WWDG_IRQHandler
                0x0000000008008a18                TIM2_IRQHandler
                0x0000000008008a18                OTG_FS_WKUP_IRQHandler
                0x0000000008008a18                TIM1_TRG_COM_TIM11_IRQHandler
                0x0000000008008a18                OTG_HS_IRQHandler
                0x0000000008008a18                EXTI1_IRQHandler
                0x0000000008008a18                USART2_IRQHandler
                0x0000000008008a18                I2C2_ER_IRQHandler
                0x0000000008008a18                DMA2_Stream1_IRQHandler
                0x0000000008008a18                CAN1_SCE_IRQHandler
                0x0000000008008a18                DMA2_Stream4_IRQHandler
                0x0000000008008a18                BusFault_Handler
                0x0000000008008a18                OTG_FS_IRQHandler
                0x0000000008008a18                SPI3_IRQHandler
                0x0000000008008a18                DMA1_Stream4_IRQHandler
                0x0000000008008a18                I2C1_ER_IRQHandler
                0x0000000008008a18                DMA2_Stream6_IRQHandler
                0x0000000008008a18                DMA1_Stream3_IRQHandler
 *fill*         0x0000000008008a1a        0x2 
 .text.Keypad4x4_Init
                0x0000000008008a1c       0xbc ./bsp/4x4_keypad.o
                0x0000000008008a1c                Keypad4x4_Init
 .text.Keypad4x4_Read
                0x0000000008008ad8       0x78 ./bsp/4x4_keypad.o
                0x0000000008008ad8                Keypad4x4_Read
 .text.set_keypad_row
                0x0000000008008b50       0x84 ./bsp/4x4_keypad.o
 .text.read_keypad_column
                0x0000000008008bd4       0xcc ./bsp/4x4_keypad.o
 .text.destrocore
                0x0000000008008ca0       0x28 ./bsp/logo.o
                0x0000000008008ca0                destrocore
 .text.fingerprint_icon
                0x0000000008008cc8       0x20 ./bsp/logo.o
                0x0000000008008cc8                fingerprint_icon
 .text.alert_icon
                0x0000000008008ce8       0x7c ./bsp/logo.o
                0x0000000008008ce8                alert_icon
 .text.R308_USART_Init
                0x0000000008008d64      0x168 ./bsp/r308.o
                0x0000000008008d64                R308_USART_Init
 .text.R308_USART_WriteByte
                0x0000000008008ecc       0x98 ./bsp/r308.o
                0x0000000008008ecc                R308_USART_WriteByte
 .text.R308_USART_ReadByte
                0x0000000008008f64       0x50 ./bsp/r308.o
                0x0000000008008f64                R308_USART_ReadByte
 .text.R308_USART_Write
                0x0000000008008fb4       0x44 ./bsp/r308.o
                0x0000000008008fb4                R308_USART_Write
 .text.R308_USART_Read
                0x0000000008008ff8       0x4a ./bsp/r308.o
                0x0000000008008ff8                R308_USART_Read
 *fill*         0x0000000008009042        0x2 
 .text.R308_USART_GetNumOfAvailableRxBytes
                0x0000000008009044       0x2c ./bsp/r308.o
                0x0000000008009044                R308_USART_GetNumOfAvailableRxBytes
 .text.R308_Init
                0x0000000008009070       0x94 ./bsp/r308.o
                0x0000000008009070                R308_Init
 .text.R308_GetImage
                0x0000000008009104       0x4c ./bsp/r308.o
                0x0000000008009104                R308_GetImage
 .text.R308_GenChar
                0x0000000008009150       0x58 ./bsp/r308.o
                0x0000000008009150                R308_GenChar
 .text.R308_RegModel
                0x00000000080091a8       0x4c ./bsp/r308.o
                0x00000000080091a8                R308_RegModel
 .text.R308_Empty
                0x00000000080091f4       0x4c ./bsp/r308.o
                0x00000000080091f4                R308_Empty
 .text.R308_Store
                0x0000000008009240       0x74 ./bsp/r308.o
                0x0000000008009240                R308_Store
 .text.R308_SearchDatabase
                0x00000000080092b4       0xb4 ./bsp/r308.o
                0x00000000080092b4                R308_SearchDatabase
 .text.R308_DeletChar
                0x0000000008009368       0x80 ./bsp/r308.o
                0x0000000008009368                R308_DeletChar
 .text.R308_TemplateNum
                0x00000000080093e8       0x4c ./bsp/r308.o
                0x00000000080093e8                R308_TemplateNum
 .text.USART1_IRQHandler
                0x0000000008009434        0xc ./bsp/r308.o
                0x0000000008009434                USART1_IRQHandler
 .text.USART3_IRQHandler
                0x0000000008009440        0xc ./bsp/r308.o
                0x0000000008009440                USART3_IRQHandler
 .text.r308_usart_non_blocking_read_byte
                0x000000000800944c       0x44 ./bsp/r308.o
 .text.r308_write_packet
                0x0000000008009490       0xda ./bsp/r308.o
                0x0000000008009490                r308_write_packet
 *fill*         0x000000000800956a        0x2 
 .text.r308_get_reply
                0x000000000800956c      0x278 ./bsp/r308.o
                0x000000000800956c                r308_get_reply
 .text.r308_read_ack_package
                0x00000000080097e4       0x5c ./bsp/r308.o
 .text.r308_read_temp_num_bytes
                0x0000000008009840       0x6c ./bsp/r308.o
 .text.r308_irq_handler
                0x00000000080098ac       0xf4 ./bsp/r308.o
 .text.ST7735_Reset
                0x00000000080099a0       0x28 ./bsp/st7735.o
 .text.ST7735_WriteCommand
                0x00000000080099c8       0x34 ./bsp/st7735.o
 .text.ST7735_WriteData
                0x00000000080099fc       0x34 ./bsp/st7735.o
 .text.ST7735_ExecuteCommandList
                0x0000000008009a30       0x98 ./bsp/st7735.o
 .text.ST7735_SetAddressWindow
                0x0000000008009ac8       0x98 ./bsp/st7735.o
 .text.ST7735_WriteChar
                0x0000000008009b60       0xf8 ./bsp/st7735.o
 .text.ST7735_Init
                0x0000000008009c58       0x48 ./bsp/st7735.o
                0x0000000008009c58                ST7735_Init
 .text.ST7735_GPIO_Init
                0x0000000008009ca0       0xbc ./bsp/st7735.o
 .text.ST7735_DrawPixel
                0x0000000008009d5c       0x94 ./bsp/st7735.o
                0x0000000008009d5c                ST7735_DrawPixel
 .text.ST7735_DrawString
                0x0000000008009df0       0xb8 ./bsp/st7735.o
                0x0000000008009df0                ST7735_DrawString
 .text.ST7735_Print
                0x0000000008009ea8       0x58 ./bsp/st7735.o
                0x0000000008009ea8                ST7735_Print
 .text.ST7735_FillRectangle
                0x0000000008009f00      0x120 ./bsp/st7735.o
                0x0000000008009f00                ST7735_FillRectangle
 .text.ST7735_FillScreen
                0x000000000800a020       0x38 ./bsp/st7735.o
                0x000000000800a020                ST7735_FillScreen
 .text.ST7735_DrawImage
                0x000000000800a058       0xd0 ./bsp/st7735.o
                0x000000000800a058                ST7735_DrawImage
 .text.ST7735_InvertColors
                0x000000000800a128       0x3c ./bsp/st7735.o
                0x000000000800a128                ST7735_InvertColors
 .text.ST7735_Backlight_On
                0x000000000800a164       0x18 ./bsp/st7735.o
                0x000000000800a164                ST7735_Backlight_On
 .text.ST7735_DrawTriangle
                0x000000000800a17c       0x74 ./bsp/st7735.o
                0x000000000800a17c                ST7735_DrawTriangle
 .text.ST7735_FillTriangle
                0x000000000800a1f0      0x2ca ./bsp/st7735.o
                0x000000000800a1f0                ST7735_FillTriangle
 .text.ST7735_DrawLine
                0x000000000800a4ba      0x13c ./bsp/st7735.o
                0x000000000800a4ba                ST7735_DrawLine
 *fill*         0x000000000800a5f6        0x2 
 .text.ST7735_DrawFastHLine
                0x000000000800a5f8       0x94 ./bsp/st7735.o
                0x000000000800a5f8                ST7735_DrawFastHLine
 .text.ST7735_SetRotation
                0x000000000800a68c      0x160 ./bsp/st7735.o
                0x000000000800a68c                ST7735_SetRotation
 .text.__cvt    0x000000000800a7ec       0xc0 D:/ST/STM32CubeIDE_1.8.0/STM32CubeIDE/plugins/com.st.stm32cube.ide.mcu.externaltools.gnu-tools-for-stm32.11.3.rel1.win32_1.1.100.202309141235/tools/bin/../lib/gcc/arm-none-eabi/11.3.1/../../../../arm-none-eabi/lib/thumb/v7e-m/nofp\libc_nano.a(libc_a-nano-vfprintf_float.o)
                0x000000000800a7ec                __cvt
 .text.__exponent
                0x000000000800a8ac       0x7c D:/ST/STM32CubeIDE_1.8.0/STM32CubeIDE/plugins/com.st.stm32cube.ide.mcu.externaltools.gnu-tools-for-stm32.11.3.rel1.win32_1.1.100.202309141235/tools/bin/../lib/gcc/arm-none-eabi/11.3.1/../../../../arm-none-eabi/lib/thumb/v7e-m/nofp\libc_nano.a(libc_a-nano-vfprintf_float.o)
                0x000000000800a8ac                __exponent
 .text._printf_float
                0x000000000800a928      0x458 D:/ST/STM32CubeIDE_1.8.0/STM32CubeIDE/plugins/com.st.stm32cube.ide.mcu.externaltools.gnu-tools-for-stm32.11.3.rel1.win32_1.1.100.202309141235/tools/bin/../lib/gcc/arm-none-eabi/11.3.1/../../../../arm-none-eabi/lib/thumb/v7e-m/nofp\libc_nano.a(libc_a-nano-vfprintf_float.o)
                0x000000000800a928                _printf_float
 .text._printf_common
                0x000000000800ad80       0xda D:/ST/STM32CubeIDE_1.8.0/STM32CubeIDE/plugins/com.st.stm32cube.ide.mcu.externaltools.gnu-tools-for-stm32.11.3.rel1.win32_1.1.100.202309141235/tools/bin/../lib/gcc/arm-none-eabi/11.3.1/../../../../arm-none-eabi/lib/thumb/v7e-m/nofp\libc_nano.a(libc_a-nano-vfprintf_i.o)
                0x000000000800ad80                _printf_common
 *fill*         0x000000000800ae5a        0x2 
 .text._printf_i
                0x000000000800ae5c      0x244 D:/ST/STM32CubeIDE_1.8.0/STM32CubeIDE/plugins/com.st.stm32cube.ide.mcu.externaltools.gnu-tools-for-stm32.11.3.rel1.win32_1.1.100.202309141235/tools/bin/../lib/gcc/arm-none-eabi/11.3.1/../../../../arm-none-eabi/lib/thumb/v7e-m/nofp\libc_nano.a(libc_a-nano-vfprintf_i.o)
                0x000000000800ae5c                _printf_i
 .text.std      0x000000000800b0a0       0x6c D:/ST/STM32CubeIDE_1.8.0/STM32CubeIDE/plugins/com.st.stm32cube.ide.mcu.externaltools.gnu-tools-for-stm32.11.3.rel1.win32_1.1.100.202309141235/tools/bin/../lib/gcc/arm-none-eabi/11.3.1/../../../../arm-none-eabi/lib/thumb/v7e-m/nofp\libc_nano.a(libc_a-findfp.o)
 .text.stdio_exit_handler
                0x000000000800b10c       0x18 D:/ST/STM32CubeIDE_1.8.0/STM32CubeIDE/plugins/com.st.stm32cube.ide.mcu.externaltools.gnu-tools-for-stm32.11.3.rel1.win32_1.1.100.202309141235/tools/bin/../lib/gcc/arm-none-eabi/11.3.1/../../../../arm-none-eabi/lib/thumb/v7e-m/nofp\libc_nano.a(libc_a-findfp.o)
 .text.cleanup_stdio
                0x000000000800b124       0x40 D:/ST/STM32CubeIDE_1.8.0/STM32CubeIDE/plugins/com.st.stm32cube.ide.mcu.externaltools.gnu-tools-for-stm32.11.3.rel1.win32_1.1.100.202309141235/tools/bin/../lib/gcc/arm-none-eabi/11.3.1/../../../../arm-none-eabi/lib/thumb/v7e-m/nofp\libc_nano.a(libc_a-findfp.o)
 .text.global_stdio_init.part.0
                0x000000000800b164       0x3c D:/ST/STM32CubeIDE_1.8.0/STM32CubeIDE/plugins/com.st.stm32cube.ide.mcu.externaltools.gnu-tools-for-stm32.11.3.rel1.win32_1.1.100.202309141235/tools/bin/../lib/gcc/arm-none-eabi/11.3.1/../../../../arm-none-eabi/lib/thumb/v7e-m/nofp\libc_nano.a(libc_a-findfp.o)
 .text.__sfp_lock_acquire
                0x000000000800b1a0        0xc D:/ST/STM32CubeIDE_1.8.0/STM32CubeIDE/plugins/com.st.stm32cube.ide.mcu.externaltools.gnu-tools-for-stm32.11.3.rel1.win32_1.1.100.202309141235/tools/bin/../lib/gcc/arm-none-eabi/11.3.1/../../../../arm-none-eabi/lib/thumb/v7e-m/nofp\libc_nano.a(libc_a-findfp.o)
                0x000000000800b1a0                __sfp_lock_acquire
 .text.__sfp_lock_release
                0x000000000800b1ac        0xc D:/ST/STM32CubeIDE_1.8.0/STM32CubeIDE/plugins/com.st.stm32cube.ide.mcu.externaltools.gnu-tools-for-stm32.11.3.rel1.win32_1.1.100.202309141235/tools/bin/../lib/gcc/arm-none-eabi/11.3.1/../../../../arm-none-eabi/lib/thumb/v7e-m/nofp\libc_nano.a(libc_a-findfp.o)
                0x000000000800b1ac                __sfp_lock_release
 .text.__sinit  0x000000000800b1b8       0x30 D:/ST/STM32CubeIDE_1.8.0/STM32CubeIDE/plugins/com.st.stm32cube.ide.mcu.externaltools.gnu-tools-for-stm32.11.3.rel1.win32_1.1.100.202309141235/tools/bin/../lib/gcc/arm-none-eabi/11.3.1/../../../../arm-none-eabi/lib/thumb/v7e-m/nofp\libc_nano.a(libc_a-findfp.o)
                0x000000000800b1b8                __sinit
 .text._fwalk_sglue
                0x000000000800b1e8       0x3c D:/ST/STM32CubeIDE_1.8.0/STM32CubeIDE/plugins/com.st.stm32cube.ide.mcu.externaltools.gnu-tools-for-stm32.11.3.rel1.win32_1.1.100.202309141235/tools/bin/../lib/gcc/arm-none-eabi/11.3.1/../../../../arm-none-eabi/lib/thumb/v7e-m/nofp\libc_nano.a(libc_a-fwalk.o)
                0x000000000800b1e8                _fwalk_sglue
 .text.printf   0x000000000800b224       0x24 D:/ST/STM32CubeIDE_1.8.0/STM32CubeIDE/plugins/com.st.stm32cube.ide.mcu.externaltools.gnu-tools-for-stm32.11.3.rel1.win32_1.1.100.202309141235/tools/bin/../lib/gcc/arm-none-eabi/11.3.1/../../../../arm-none-eabi/lib/thumb/v7e-m/nofp\libc_nano.a(libc_a-printf.o)
                0x000000000800b224                iprintf
                0x000000000800b224                printf
 .text._puts_r  0x000000000800b248       0xa8 D:/ST/STM32CubeIDE_1.8.0/STM32CubeIDE/plugins/com.st.stm32cube.ide.mcu.externaltools.gnu-tools-for-stm32.11.3.rel1.win32_1.1.100.202309141235/tools/bin/../lib/gcc/arm-none-eabi/11.3.1/../../../../arm-none-eabi/lib/thumb/v7e-m/nofp\libc_nano.a(libc_a-puts.o)
                0x000000000800b248                _puts_r
 .text.puts     0x000000000800b2f0       0x10 D:/ST/STM32CubeIDE_1.8.0/STM32CubeIDE/plugins/com.st.stm32cube.ide.mcu.externaltools.gnu-tools-for-stm32.11.3.rel1.win32_1.1.100.202309141235/tools/bin/../lib/gcc/arm-none-eabi/11.3.1/../../../../arm-none-eabi/lib/thumb/v7e-m/nofp\libc_nano.a(libc_a-puts.o)
                0x000000000800b2f0                puts
 .text.sprintf  0x000000000800b300       0x40 D:/ST/STM32CubeIDE_1.8.0/STM32CubeIDE/plugins/com.st.stm32cube.ide.mcu.externaltools.gnu-tools-for-stm32.11.3.rel1.win32_1.1.100.202309141235/tools/bin/../lib/gcc/arm-none-eabi/11.3.1/../../../../arm-none-eabi/lib/thumb/v7e-m/nofp\libc_nano.a(libc_a-sprintf.o)
                0x000000000800b300                siprintf
                0x000000000800b300                sprintf
 .text.__sread  0x000000000800b340       0x22 D:/ST/STM32CubeIDE_1.8.0/STM32CubeIDE/plugins/com.st.stm32cube.ide.mcu.externaltools.gnu-tools-for-stm32.11.3.rel1.win32_1.1.100.202309141235/tools/bin/../lib/gcc/arm-none-eabi/11.3.1/../../../../arm-none-eabi/lib/thumb/v7e-m/nofp\libc_nano.a(libc_a-stdio.o)
                0x000000000800b340                __sread
 .text.__swrite
                0x000000000800b362       0x38 D:/ST/STM32CubeIDE_1.8.0/STM32CubeIDE/plugins/com.st.stm32cube.ide.mcu.externaltools.gnu-tools-for-stm32.11.3.rel1.win32_1.1.100.202309141235/tools/bin/../lib/gcc/arm-none-eabi/11.3.1/../../../../arm-none-eabi/lib/thumb/v7e-m/nofp\libc_nano.a(libc_a-stdio.o)
                0x000000000800b362                __swrite
 .text.__sseek  0x000000000800b39a       0x24 D:/ST/STM32CubeIDE_1.8.0/STM32CubeIDE/plugins/com.st.stm32cube.ide.mcu.externaltools.gnu-tools-for-stm32.11.3.rel1.win32_1.1.100.202309141235/tools/bin/../lib/gcc/arm-none-eabi/11.3.1/../../../../arm-none-eabi/lib/thumb/v7e-m/nofp\libc_nano.a(libc_a-stdio.o)
                0x000000000800b39a                __sseek
 .text.__sclose
                0x000000000800b3be        0x8 D:/ST/STM32CubeIDE_1.8.0/STM32CubeIDE/plugins/com.st.stm32cube.ide.mcu.externaltools.gnu-tools-for-stm32.11.3.rel1.win32_1.1.100.202309141235/tools/bin/../lib/gcc/arm-none-eabi/11.3.1/../../../../arm-none-eabi/lib/thumb/v7e-m/nofp\libc_nano.a(libc_a-stdio.o)
                0x000000000800b3be                __sclose
 .text.__swbuf_r
                0x000000000800b3c6       0x7a D:/ST/STM32CubeIDE_1.8.0/STM32CubeIDE/plugins/com.st.stm32cube.ide.mcu.externaltools.gnu-tools-for-stm32.11.3.rel1.win32_1.1.100.202309141235/tools/bin/../lib/gcc/arm-none-eabi/11.3.1/../../../../arm-none-eabi/lib/thumb/v7e-m/nofp\libc_nano.a(libc_a-wbuf.o)
                0x000000000800b3c6                __swbuf_r
 .text.__swsetup_r
                0x000000000800b440       0xb0 D:/ST/STM32CubeIDE_1.8.0/STM32CubeIDE/plugins/com.st.stm32cube.ide.mcu.externaltools.gnu-tools-for-stm32.11.3.rel1.win32_1.1.100.202309141235/tools/bin/../lib/gcc/arm-none-eabi/11.3.1/../../../../arm-none-eabi/lib/thumb/v7e-m/nofp\libc_nano.a(libc_a-wsetup.o)
                0x000000000800b440                __swsetup_r
 .text.memset   0x000000000800b4f0       0x10 D:/ST/STM32CubeIDE_1.8.0/STM32CubeIDE/plugins/com.st.stm32cube.ide.mcu.externaltools.gnu-tools-for-stm32.11.3.rel1.win32_1.1.100.202309141235/tools/bin/../lib/gcc/arm-none-eabi/11.3.1/../../../../arm-none-eabi/lib/thumb/v7e-m/nofp\libc_nano.a(libc_a-memset.o)
                0x000000000800b4f0                memset
 .text._localeconv_r
                0x000000000800b500        0x8 D:/ST/STM32CubeIDE_1.8.0/STM32CubeIDE/plugins/com.st.stm32cube.ide.mcu.externaltools.gnu-tools-for-stm32.11.3.rel1.win32_1.1.100.202309141235/tools/bin/../lib/gcc/arm-none-eabi/11.3.1/../../../../arm-none-eabi/lib/thumb/v7e-m/nofp\libc_nano.a(libc_a-localeconv.o)
                0x000000000800b500                _localeconv_r
 .text._close_r
                0x000000000800b508       0x20 D:/ST/STM32CubeIDE_1.8.0/STM32CubeIDE/plugins/com.st.stm32cube.ide.mcu.externaltools.gnu-tools-for-stm32.11.3.rel1.win32_1.1.100.202309141235/tools/bin/../lib/gcc/arm-none-eabi/11.3.1/../../../../arm-none-eabi/lib/thumb/v7e-m/nofp\libc_nano.a(libc_a-closer.o)
                0x000000000800b508                _close_r
 .text._lseek_r
                0x000000000800b528       0x24 D:/ST/STM32CubeIDE_1.8.0/STM32CubeIDE/plugins/com.st.stm32cube.ide.mcu.externaltools.gnu-tools-for-stm32.11.3.rel1.win32_1.1.100.202309141235/tools/bin/../lib/gcc/arm-none-eabi/11.3.1/../../../../arm-none-eabi/lib/thumb/v7e-m/nofp\libc_nano.a(libc_a-lseekr.o)
                0x000000000800b528                _lseek_r
 .text._read_r  0x000000000800b54c       0x24 D:/ST/STM32CubeIDE_1.8.0/STM32CubeIDE/plugins/com.st.stm32cube.ide.mcu.externaltools.gnu-tools-for-stm32.11.3.rel1.win32_1.1.100.202309141235/tools/bin/../lib/gcc/arm-none-eabi/11.3.1/../../../../arm-none-eabi/lib/thumb/v7e-m/nofp\libc_nano.a(libc_a-readr.o)
                0x000000000800b54c                _read_r
 .text._write_r
                0x000000000800b570       0x24 D:/ST/STM32CubeIDE_1.8.0/STM32CubeIDE/plugins/com.st.stm32cube.ide.mcu.externaltools.gnu-tools-for-stm32.11.3.rel1.win32_1.1.100.202309141235/tools/bin/../lib/gcc/arm-none-eabi/11.3.1/../../../../arm-none-eabi/lib/thumb/v7e-m/nofp\libc_nano.a(libc_a-writer.o)
                0x000000000800b570                _write_r
 .text.__errno  0x000000000800b594        0xc D:/ST/STM32CubeIDE_1.8.0/STM32CubeIDE/plugins/com.st.stm32cube.ide.mcu.externaltools.gnu-tools-for-stm32.11.3.rel1.win32_1.1.100.202309141235/tools/bin/../lib/gcc/arm-none-eabi/11.3.1/../../../../arm-none-eabi/lib/thumb/v7e-m/nofp\libc_nano.a(libc_a-errno.o)
                0x000000000800b594                __errno
 .text.__libc_init_array
                0x000000000800b5a0       0x48 D:/ST/STM32CubeIDE_1.8.0/STM32CubeIDE/plugins/com.st.stm32cube.ide.mcu.externaltools.gnu-tools-for-stm32.11.3.rel1.win32_1.1.100.202309141235/tools/bin/../lib/gcc/arm-none-eabi/11.3.1/../../../../arm-none-eabi/lib/thumb/v7e-m/nofp\libc_nano.a(libc_a-init.o)
                0x000000000800b5a0                __libc_init_array
 .text.__retarget_lock_init_recursive
                0x000000000800b5e8        0x2 D:/ST/STM32CubeIDE_1.8.0/STM32CubeIDE/plugins/com.st.stm32cube.ide.mcu.externaltools.gnu-tools-for-stm32.11.3.rel1.win32_1.1.100.202309141235/tools/bin/../lib/gcc/arm-none-eabi/11.3.1/../../../../arm-none-eabi/lib/thumb/v7e-m/nofp\libc_nano.a(libc_a-lock.o)
                0x000000000800b5e8                __retarget_lock_init_recursive
 .text.__retarget_lock_acquire_recursive
                0x000000000800b5ea        0x2 D:/ST/STM32CubeIDE_1.8.0/STM32CubeIDE/plugins/com.st.stm32cube.ide.mcu.externaltools.gnu-tools-for-stm32.11.3.rel1.win32_1.1.100.202309141235/tools/bin/../lib/gcc/arm-none-eabi/11.3.1/../../../../arm-none-eabi/lib/thumb/v7e-m/nofp\libc_nano.a(libc_a-lock.o)
                0x000000000800b5ea                __retarget_lock_acquire_recursive
 .text.__retarget_lock_release_recursive
                0x000000000800b5ec        0x2 D:/ST/STM32CubeIDE_1.8.0/STM32CubeIDE/plugins/com.st.stm32cube.ide.mcu.externaltools.gnu-tools-for-stm32.11.3.rel1.win32_1.1.100.202309141235/tools/bin/../lib/gcc/arm-none-eabi/11.3.1/../../../../arm-none-eabi/lib/thumb/v7e-m/nofp\libc_nano.a(libc_a-lock.o)
                0x000000000800b5ec                __retarget_lock_release_recursive
 .text.quorem   0x000000000800b5ee      0x10a D:/ST/STM32CubeIDE_1.8.0/STM32CubeIDE/plugins/com.st.stm32cube.ide.mcu.externaltools.gnu-tools-for-stm32.11.3.rel1.win32_1.1.100.202309141235/tools/bin/../lib/gcc/arm-none-eabi/11.3.1/../../../../arm-none-eabi/lib/thumb/v7e-m/nofp\libc_nano.a(libc_a-dtoa.o)
 .text._dtoa_r  0x000000000800b6f8      0xbc0 D:/ST/STM32CubeIDE_1.8.0/STM32CubeIDE/plugins/com.st.stm32cube.ide.mcu.externaltools.gnu-tools-for-stm32.11.3.rel1.win32_1.1.100.202309141235/tools/bin/../lib/gcc/arm-none-eabi/11.3.1/../../../../arm-none-eabi/lib/thumb/v7e-m/nofp\libc_nano.a(libc_a-dtoa.o)
                0x000000000800b6f8                _dtoa_r
 .text._free_r  0x000000000800c2b8       0x94 D:/ST/STM32CubeIDE_1.8.0/STM32CubeIDE/plugins/com.st.stm32cube.ide.mcu.externaltools.gnu-tools-for-stm32.11.3.rel1.win32_1.1.100.202309141235/tools/bin/../lib/gcc/arm-none-eabi/11.3.1/../../../../arm-none-eabi/lib/thumb/v7e-m/nofp\libc_nano.a(libc_a-freer.o)
                0x000000000800c2b8                _free_r
 .text.malloc   0x000000000800c34c       0x10 D:/ST/STM32CubeIDE_1.8.0/STM32CubeIDE/plugins/com.st.stm32cube.ide.mcu.externaltools.gnu-tools-for-stm32.11.3.rel1.win32_1.1.100.202309141235/tools/bin/../lib/gcc/arm-none-eabi/11.3.1/../../../../arm-none-eabi/lib/thumb/v7e-m/nofp\libc_nano.a(libc_a-malloc.o)
                0x000000000800c34c                malloc
 .text.sbrk_aligned
                0x000000000800c35c       0x40 D:/ST/STM32CubeIDE_1.8.0/STM32CubeIDE/plugins/com.st.stm32cube.ide.mcu.externaltools.gnu-tools-for-stm32.11.3.rel1.win32_1.1.100.202309141235/tools/bin/../lib/gcc/arm-none-eabi/11.3.1/../../../../arm-none-eabi/lib/thumb/v7e-m/nofp\libc_nano.a(libc_a-mallocr.o)
 .text._malloc_r
                0x000000000800c39c      0x100 D:/ST/STM32CubeIDE_1.8.0/STM32CubeIDE/plugins/com.st.stm32cube.ide.mcu.externaltools.gnu-tools-for-stm32.11.3.rel1.win32_1.1.100.202309141235/tools/bin/../lib/gcc/arm-none-eabi/11.3.1/../../../../arm-none-eabi/lib/thumb/v7e-m/nofp\libc_nano.a(libc_a-mallocr.o)
                0x000000000800c39c                _malloc_r
 .text.__malloc_lock
                0x000000000800c49c        0xc D:/ST/STM32CubeIDE_1.8.0/STM32CubeIDE/plugins/com.st.stm32cube.ide.mcu.externaltools.gnu-tools-for-stm32.11.3.rel1.win32_1.1.100.202309141235/tools/bin/../lib/gcc/arm-none-eabi/11.3.1/../../../../arm-none-eabi/lib/thumb/v7e-m/nofp\libc_nano.a(libc_a-mlock.o)
                0x000000000800c49c                __malloc_lock
 .text.__malloc_unlock
                0x000000000800c4a8        0xc D:/ST/STM32CubeIDE_1.8.0/STM32CubeIDE/plugins/com.st.stm32cube.ide.mcu.externaltools.gnu-tools-for-stm32.11.3.rel1.win32_1.1.100.202309141235/tools/bin/../lib/gcc/arm-none-eabi/11.3.1/../../../../arm-none-eabi/lib/thumb/v7e-m/nofp\libc_nano.a(libc_a-mlock.o)
                0x000000000800c4a8                __malloc_unlock
 .text._Balloc  0x000000000800c4b4       0x80 D:/ST/STM32CubeIDE_1.8.0/STM32CubeIDE/plugins/com.st.stm32cube.ide.mcu.externaltools.gnu-tools-for-stm32.11.3.rel1.win32_1.1.100.202309141235/tools/bin/../lib/gcc/arm-none-eabi/11.3.1/../../../../arm-none-eabi/lib/thumb/v7e-m/nofp\libc_nano.a(libc_a-mprec.o)
                0x000000000800c4b4                _Balloc
 .text._Bfree   0x000000000800c534       0x44 D:/ST/STM32CubeIDE_1.8.0/STM32CubeIDE/plugins/com.st.stm32cube.ide.mcu.externaltools.gnu-tools-for-stm32.11.3.rel1.win32_1.1.100.202309141235/tools/bin/../lib/gcc/arm-none-eabi/11.3.1/../../../../arm-none-eabi/lib/thumb/v7e-m/nofp\libc_nano.a(libc_a-mprec.o)
                0x000000000800c534                _Bfree
 .text.__multadd
                0x000000000800c578       0x8c D:/ST/STM32CubeIDE_1.8.0/STM32CubeIDE/plugins/com.st.stm32cube.ide.mcu.externaltools.gnu-tools-for-stm32.11.3.rel1.win32_1.1.100.202309141235/tools/bin/../lib/gcc/arm-none-eabi/11.3.1/../../../../arm-none-eabi/lib/thumb/v7e-m/nofp\libc_nano.a(libc_a-mprec.o)
                0x000000000800c578                __multadd
 .text.__hi0bits
                0x000000000800c604       0x40 D:/ST/STM32CubeIDE_1.8.0/STM32CubeIDE/plugins/com.st.stm32cube.ide.mcu.externaltools.gnu-tools-for-stm32.11.3.rel1.win32_1.1.100.202309141235/tools/bin/../lib/gcc/arm-none-eabi/11.3.1/../../../../arm-none-eabi/lib/thumb/v7e-m/nofp\libc_nano.a(libc_a-mprec.o)
                0x000000000800c604                __hi0bits
 .text.__lo0bits
                0x000000000800c644       0x5a D:/ST/STM32CubeIDE_1.8.0/STM32CubeIDE/plugins/com.st.stm32cube.ide.mcu.externaltools.gnu-tools-for-stm32.11.3.rel1.win32_1.1.100.202309141235/tools/bin/../lib/gcc/arm-none-eabi/11.3.1/../../../../arm-none-eabi/lib/thumb/v7e-m/nofp\libc_nano.a(libc_a-mprec.o)
                0x000000000800c644                __lo0bits
 *fill*         0x000000000800c69e        0x2 
 .text.__i2b    0x000000000800c6a0       0x2c D:/ST/STM32CubeIDE_1.8.0/STM32CubeIDE/plugins/com.st.stm32cube.ide.mcu.externaltools.gnu-tools-for-stm32.11.3.rel1.win32_1.1.100.202309141235/tools/bin/../lib/gcc/arm-none-eabi/11.3.1/../../../../arm-none-eabi/lib/thumb/v7e-m/nofp\libc_nano.a(libc_a-mprec.o)
                0x000000000800c6a0                __i2b
 .text.__multiply
                0x000000000800c6cc      0x154 D:/ST/STM32CubeIDE_1.8.0/STM32CubeIDE/plugins/com.st.stm32cube.ide.mcu.externaltools.gnu-tools-for-stm32.11.3.rel1.win32_1.1.100.202309141235/tools/bin/../lib/gcc/arm-none-eabi/11.3.1/../../../../arm-none-eabi/lib/thumb/v7e-m/nofp\libc_nano.a(libc_a-mprec.o)
                0x000000000800c6cc                __multiply
 .text.__pow5mult
                0x000000000800c820       0xb4 D:/ST/STM32CubeIDE_1.8.0/STM32CubeIDE/plugins/com.st.stm32cube.ide.mcu.externaltools.gnu-tools-for-stm32.11.3.rel1.win32_1.1.100.202309141235/tools/bin/../lib/gcc/arm-none-eabi/11.3.1/../../../../arm-none-eabi/lib/thumb/v7e-m/nofp\libc_nano.a(libc_a-mprec.o)
                0x000000000800c820                __pow5mult
 .text.__lshift
                0x000000000800c8d4       0xd8 D:/ST/STM32CubeIDE_1.8.0/STM32CubeIDE/plugins/com.st.stm32cube.ide.mcu.externaltools.gnu-tools-for-stm32.11.3.rel1.win32_1.1.100.202309141235/tools/bin/../lib/gcc/arm-none-eabi/11.3.1/../../../../arm-none-eabi/lib/thumb/v7e-m/nofp\libc_nano.a(libc_a-mprec.o)
                0x000000000800c8d4                __lshift
 .text.__mcmp   0x000000000800c9ac       0x36 D:/ST/STM32CubeIDE_1.8.0/STM32CubeIDE/plugins/com.st.stm32cube.ide.mcu.externaltools.gnu-tools-for-stm32.11.3.rel1.win32_1.1.100.202309141235/tools/bin/../lib/gcc/arm-none-eabi/11.3.1/../../../../arm-none-eabi/lib/thumb/v7e-m/nofp\libc_nano.a(libc_a-mprec.o)
                0x000000000800c9ac                __mcmp
 *fill*         0x000000000800c9e2        0x2 
 .text.__mdiff  0x000000000800c9e4      0x110 D:/ST/STM32CubeIDE_1.8.0/STM32CubeIDE/plugins/com.st.stm32cube.ide.mcu.externaltools.gnu-tools-for-stm32.11.3.rel1.win32_1.1.100.202309141235/tools/bin/../lib/gcc/arm-none-eabi/11.3.1/../../../../arm-none-eabi/lib/thumb/v7e-m/nofp\libc_nano.a(libc_a-mprec.o)
                0x000000000800c9e4                __mdiff
 .text.__d2b    0x000000000800caf4       0xac D:/ST/STM32CubeIDE_1.8.0/STM32CubeIDE/plugins/com.st.stm32cube.ide.mcu.externaltools.gnu-tools-for-stm32.11.3.rel1.win32_1.1.100.202309141235/tools/bin/../lib/gcc/arm-none-eabi/11.3.1/../../../../arm-none-eabi/lib/thumb/v7e-m/nofp\libc_nano.a(libc_a-mprec.o)
                0x000000000800caf4                __d2b
 .text.__ssputs_r
                0x000000000800cba0       0xb4 D:/ST/STM32CubeIDE_1.8.0/STM32CubeIDE/plugins/com.st.stm32cube.ide.mcu.externaltools.gnu-tools-for-stm32.11.3.rel1.win32_1.1.100.202309141235/tools/bin/../lib/gcc/arm-none-eabi/11.3.1/../../../../arm-none-eabi/lib/thumb/v7e-m/nofp\libc_nano.a(libc_a-nano-svfprintf.o)
                0x000000000800cba0                __ssputs_r
 .text._svfprintf_r
                0x000000000800cc54      0x1fc D:/ST/STM32CubeIDE_1.8.0/STM32CubeIDE/plugins/com.st.stm32cube.ide.mcu.externaltools.gnu-tools-for-stm32.11.3.rel1.win32_1.1.100.202309141235/tools/bin/../lib/gcc/arm-none-eabi/11.3.1/../../../../arm-none-eabi/lib/thumb/v7e-m/nofp\libc_nano.a(libc_a-nano-svfprintf.o)
                0x000000000800cc54                _svfiprintf_r
                0x000000000800cc54                _svfprintf_r
 .text.__sfputc_r
                0x000000000800ce50       0x2a D:/ST/STM32CubeIDE_1.8.0/STM32CubeIDE/plugins/com.st.stm32cube.ide.mcu.externaltools.gnu-tools-for-stm32.11.3.rel1.win32_1.1.100.202309141235/tools/bin/../lib/gcc/arm-none-eabi/11.3.1/../../../../arm-none-eabi/lib/thumb/v7e-m/nofp\libc_nano.a(libc_a-nano-vfprintf.o)
 .text.__sfputs_r
                0x000000000800ce7a       0x24 D:/ST/STM32CubeIDE_1.8.0/STM32CubeIDE/plugins/com.st.stm32cube.ide.mcu.externaltools.gnu-tools-for-stm32.11.3.rel1.win32_1.1.100.202309141235/tools/bin/../lib/gcc/arm-none-eabi/11.3.1/../../../../arm-none-eabi/lib/thumb/v7e-m/nofp\libc_nano.a(libc_a-nano-vfprintf.o)
                0x000000000800ce7a                __sfputs_r
 *fill*         0x000000000800ce9e        0x2 
 .text._vfprintf_r
                0x000000000800cea0      0x234 D:/ST/STM32CubeIDE_1.8.0/STM32CubeIDE/plugins/com.st.stm32cube.ide.mcu.externaltools.gnu-tools-for-stm32.11.3.rel1.win32_1.1.100.202309141235/tools/bin/../lib/gcc/arm-none-eabi/11.3.1/../../../../arm-none-eabi/lib/thumb/v7e-m/nofp\libc_nano.a(libc_a-nano-vfprintf.o)
                0x000000000800cea0                _vfprintf_r
                0x000000000800cea0                _vfiprintf_r
 .text.__sflush_r
                0x000000000800d0d4      0x104 D:/ST/STM32CubeIDE_1.8.0/STM32CubeIDE/plugins/com.st.stm32cube.ide.mcu.externaltools.gnu-tools-for-stm32.11.3.rel1.win32_1.1.100.202309141235/tools/bin/../lib/gcc/arm-none-eabi/11.3.1/../../../../arm-none-eabi/lib/thumb/v7e-m/nofp\libc_nano.a(libc_a-fflush.o)
                0x000000000800d0d4                __sflush_r
 .text._fflush_r
                0x000000000800d1d8       0x50 D:/ST/STM32CubeIDE_1.8.0/STM32CubeIDE/plugins/com.st.stm32cube.ide.mcu.externaltools.gnu-tools-for-stm32.11.3.rel1.win32_1.1.100.202309141235/tools/bin/../lib/gcc/arm-none-eabi/11.3.1/../../../../arm-none-eabi/lib/thumb/v7e-m/nofp\libc_nano.a(libc_a-fflush.o)
                0x000000000800d1d8                _fflush_r
 .text.__swhatbuf_r
                0x000000000800d228       0x4c D:/ST/STM32CubeIDE_1.8.0/STM32CubeIDE/plugins/com.st.stm32cube.ide.mcu.externaltools.gnu-tools-for-stm32.11.3.rel1.win32_1.1.100.202309141235/tools/bin/../lib/gcc/arm-none-eabi/11.3.1/../../../../arm-none-eabi/lib/thumb/v7e-m/nofp\libc_nano.a(libc_a-makebuf.o)
                0x000000000800d228                __swhatbuf_r
 .text.__smakebuf_r
                0x000000000800d274       0x78 D:/ST/STM32CubeIDE_1.8.0/STM32CubeIDE/plugins/com.st.stm32cube.ide.mcu.externaltools.gnu-tools-for-stm32.11.3.rel1.win32_1.1.100.202309141235/tools/bin/../lib/gcc/arm-none-eabi/11.3.1/../../../../arm-none-eabi/lib/thumb/v7e-m/nofp\libc_nano.a(libc_a-makebuf.o)
                0x000000000800d274                __smakebuf_r
 .text.memmove  0x000000000800d2ec       0x34 D:/ST/STM32CubeIDE_1.8.0/STM32CubeIDE/plugins/com.st.stm32cube.ide.mcu.externaltools.gnu-tools-for-stm32.11.3.rel1.win32_1.1.100.202309141235/tools/bin/../lib/gcc/arm-none-eabi/11.3.1/../../../../arm-none-eabi/lib/thumb/v7e-m/nofp\libc_nano.a(libc_a-memmove.o)
                0x000000000800d2ec                memmove
 .text._fstat_r
                0x000000000800d320       0x24 D:/ST/STM32CubeIDE_1.8.0/STM32CubeIDE/plugins/com.st.stm32cube.ide.mcu.externaltools.gnu-tools-for-stm32.11.3.rel1.win32_1.1.100.202309141235/tools/bin/../lib/gcc/arm-none-eabi/11.3.1/../../../../arm-none-eabi/lib/thumb/v7e-m/nofp\libc_nano.a(libc_a-fstatr.o)
                0x000000000800d320                _fstat_r
 .text._isatty_r
                0x000000000800d344       0x20 D:/ST/STM32CubeIDE_1.8.0/STM32CubeIDE/plugins/com.st.stm32cube.ide.mcu.externaltools.gnu-tools-for-stm32.11.3.rel1.win32_1.1.100.202309141235/tools/bin/../lib/gcc/arm-none-eabi/11.3.1/../../../../arm-none-eabi/lib/thumb/v7e-m/nofp\libc_nano.a(libc_a-isattyr.o)
                0x000000000800d344                _isatty_r
 .text._sbrk_r  0x000000000800d364       0x20 D:/ST/STM32CubeIDE_1.8.0/STM32CubeIDE/plugins/com.st.stm32cube.ide.mcu.externaltools.gnu-tools-for-stm32.11.3.rel1.win32_1.1.100.202309141235/tools/bin/../lib/gcc/arm-none-eabi/11.3.1/../../../../arm-none-eabi/lib/thumb/v7e-m/nofp\libc_nano.a(libc_a-sbrkr.o)
                0x000000000800d364                _sbrk_r
 .text.memcpy   0x000000000800d384       0x1c D:/ST/STM32CubeIDE_1.8.0/STM32CubeIDE/plugins/com.st.stm32cube.ide.mcu.externaltools.gnu-tools-for-stm32.11.3.rel1.win32_1.1.100.202309141235/tools/bin/../lib/gcc/arm-none-eabi/11.3.1/../../../../arm-none-eabi/lib/thumb/v7e-m/nofp\libc_nano.a(libc_a-memcpy-stub.o)
                0x000000000800d384                memcpy
 .text.__assert_func
                0x000000000800d3a0       0x3c D:/ST/STM32CubeIDE_1.8.0/STM32CubeIDE/plugins/com.st.stm32cube.ide.mcu.externaltools.gnu-tools-for-stm32.11.3.rel1.win32_1.1.100.202309141235/tools/bin/../lib/gcc/arm-none-eabi/11.3.1/../../../../arm-none-eabi/lib/thumb/v7e-m/nofp\libc_nano.a(libc_a-assert.o)
                0x000000000800d3a0                __assert_func
 .text._calloc_r
                0x000000000800d3dc       0x28 D:/ST/STM32CubeIDE_1.8.0/STM32CubeIDE/plugins/com.st.stm32cube.ide.mcu.externaltools.gnu-tools-for-stm32.11.3.rel1.win32_1.1.100.202309141235/tools/bin/../lib/gcc/arm-none-eabi/11.3.1/../../../../arm-none-eabi/lib/thumb/v7e-m/nofp\libc_nano.a(libc_a-callocr.o)
                0x000000000800d3dc                _calloc_r
 .text.__ascii_mbtowc
                0x000000000800d404       0x24 D:/ST/STM32CubeIDE_1.8.0/STM32CubeIDE/plugins/com.st.stm32cube.ide.mcu.externaltools.gnu-tools-for-stm32.11.3.rel1.win32_1.1.100.202309141235/tools/bin/../lib/gcc/arm-none-eabi/11.3.1/../../../../arm-none-eabi/lib/thumb/v7e-m/nofp\libc_nano.a(libc_a-mbtowc_r.o)
                0x000000000800d404                __ascii_mbtowc
 .text._realloc_r
                0x000000000800d428       0x5e D:/ST/STM32CubeIDE_1.8.0/STM32CubeIDE/plugins/com.st.stm32cube.ide.mcu.externaltools.gnu-tools-for-stm32.11.3.rel1.win32_1.1.100.202309141235/tools/bin/../lib/gcc/arm-none-eabi/11.3.1/../../../../arm-none-eabi/lib/thumb/v7e-m/nofp\libc_nano.a(libc_a-reallocr.o)
                0x000000000800d428                _realloc_r
 .text.__ascii_wctomb
                0x000000000800d486       0x1a D:/ST/STM32CubeIDE_1.8.0/STM32CubeIDE/plugins/com.st.stm32cube.ide.mcu.externaltools.gnu-tools-for-stm32.11.3.rel1.win32_1.1.100.202309141235/tools/bin/../lib/gcc/arm-none-eabi/11.3.1/../../../../arm-none-eabi/lib/thumb/v7e-m/nofp\libc_nano.a(libc_a-wctomb_r.o)
                0x000000000800d486                __ascii_wctomb
 .text.fprintf  0x000000000800d4a0       0x24 D:/ST/STM32CubeIDE_1.8.0/STM32CubeIDE/plugins/com.st.stm32cube.ide.mcu.externaltools.gnu-tools-for-stm32.11.3.rel1.win32_1.1.100.202309141235/tools/bin/../lib/gcc/arm-none-eabi/11.3.1/../../../../arm-none-eabi/lib/thumb/v7e-m/nofp\libc_nano.a(libc_a-fprintf.o)
                0x000000000800d4a0                fiprintf
                0x000000000800d4a0                fprintf
 .text.abort    0x000000000800d4c4        0xe D:/ST/STM32CubeIDE_1.8.0/STM32CubeIDE/plugins/com.st.stm32cube.ide.mcu.externaltools.gnu-tools-for-stm32.11.3.rel1.win32_1.1.100.202309141235/tools/bin/../lib/gcc/arm-none-eabi/11.3.1/../../../../arm-none-eabi/lib/thumb/v7e-m/nofp\libc_nano.a(libc_a-abort.o)
                0x000000000800d4c4                abort
 .text._malloc_usable_size_r
                0x000000000800d4d2       0x10 D:/ST/STM32CubeIDE_1.8.0/STM32CubeIDE/plugins/com.st.stm32cube.ide.mcu.externaltools.gnu-tools-for-stm32.11.3.rel1.win32_1.1.100.202309141235/tools/bin/../lib/gcc/arm-none-eabi/11.3.1/../../../../arm-none-eabi/lib/thumb/v7e-m/nofp\libc_nano.a(libc_a-msizer.o)
                0x000000000800d4d2                _malloc_usable_size_r
 .text._raise_r
                0x000000000800d4e2       0x50 D:/ST/STM32CubeIDE_1.8.0/STM32CubeIDE/plugins/com.st.stm32cube.ide.mcu.externaltools.gnu-tools-for-stm32.11.3.rel1.win32_1.1.100.202309141235/tools/bin/../lib/gcc/arm-none-eabi/11.3.1/../../../../arm-none-eabi/lib/thumb/v7e-m/nofp\libc_nano.a(libc_a-signal.o)
                0x000000000800d4e2                _raise_r
 *fill*         0x000000000800d532        0x2 
 .text.raise    0x000000000800d534       0x10 D:/ST/STM32CubeIDE_1.8.0/STM32CubeIDE/plugins/com.st.stm32cube.ide.mcu.externaltools.gnu-tools-for-stm32.11.3.rel1.win32_1.1.100.202309141235/tools/bin/../lib/gcc/arm-none-eabi/11.3.1/../../../../arm-none-eabi/lib/thumb/v7e-m/nofp\libc_nano.a(libc_a-signal.o)
                0x000000000800d534                raise
 .text._kill_r  0x000000000800d544       0x24 D:/ST/STM32CubeIDE_1.8.0/STM32CubeIDE/plugins/com.st.stm32cube.ide.mcu.externaltools.gnu-tools-for-stm32.11.3.rel1.win32_1.1.100.202309141235/tools/bin/../lib/gcc/arm-none-eabi/11.3.1/../../../../arm-none-eabi/lib/thumb/v7e-m/nofp\libc_nano.a(libc_a-signalr.o)
                0x000000000800d544                _kill_r
 .text._getpid_r
                0x000000000800d568        0x4 D:/ST/STM32CubeIDE_1.8.0/STM32CubeIDE/plugins/com.st.stm32cube.ide.mcu.externaltools.gnu-tools-for-stm32.11.3.rel1.win32_1.1.100.202309141235/tools/bin/../lib/gcc/arm-none-eabi/11.3.1/../../../../arm-none-eabi/lib/thumb/v7e-m/nofp\libc_nano.a(libc_a-signalr.o)
                0x000000000800d568                _getpid_r
 *(.glue_7)
 .glue_7        0x000000000800d56c        0x0 linker stubs
 *(.glue_7t)
 .glue_7t       0x000000000800d56c        0x0 linker stubs
 *(.eh_frame)
 .eh_frame      0x000000000800d56c        0x0 D:/ST/STM32CubeIDE_1.8.0/STM32CubeIDE/plugins/com.st.stm32cube.ide.mcu.externaltools.gnu-tools-for-stm32.11.3.rel1.win32_1.1.100.202309141235/tools/bin/../lib/gcc/arm-none-eabi/11.3.1/thumb/v7e-m/nofp/crtbegin.o
 *(.init)
 .init          0x000000000800d56c        0x4 D:/ST/STM32CubeIDE_1.8.0/STM32CubeIDE/plugins/com.st.stm32cube.ide.mcu.externaltools.gnu-tools-for-stm32.11.3.rel1.win32_1.1.100.202309141235/tools/bin/../lib/gcc/arm-none-eabi/11.3.1/thumb/v7e-m/nofp/crti.o
                0x000000000800d56c                _init
 .init          0x000000000800d570        0x8 D:/ST/STM32CubeIDE_1.8.0/STM32CubeIDE/plugins/com.st.stm32cube.ide.mcu.externaltools.gnu-tools-for-stm32.11.3.rel1.win32_1.1.100.202309141235/tools/bin/../lib/gcc/arm-none-eabi/11.3.1/thumb/v7e-m/nofp/crtn.o
 *(.fini)
 .fini          0x000000000800d578        0x4 D:/ST/STM32CubeIDE_1.8.0/STM32CubeIDE/plugins/com.st.stm32cube.ide.mcu.externaltools.gnu-tools-for-stm32.11.3.rel1.win32_1.1.100.202309141235/tools/bin/../lib/gcc/arm-none-eabi/11.3.1/thumb/v7e-m/nofp/crti.o
                0x000000000800d578                _fini
 .fini          0x000000000800d57c        0x8 D:/ST/STM32CubeIDE_1.8.0/STM32CubeIDE/plugins/com.st.stm32cube.ide.mcu.externaltools.gnu-tools-for-stm32.11.3.rel1.win32_1.1.100.202309141235/tools/bin/../lib/gcc/arm-none-eabi/11.3.1/thumb/v7e-m/nofp/crtn.o
                0x000000000800d584                . = ALIGN (0x4)
                0x000000000800d584                _etext = .

.vfp11_veneer   0x000000000800d584        0x0
 .vfp11_veneer  0x000000000800d584        0x0 linker stubs

.v4_bx          0x000000000800d584        0x0
 .v4_bx         0x000000000800d584        0x0 linker stubs

.iplt           0x000000000800d584        0x0
 .iplt          0x000000000800d584        0x0 D:/ST/STM32CubeIDE_1.8.0/STM32CubeIDE/plugins/com.st.stm32cube.ide.mcu.externaltools.gnu-tools-for-stm32.11.3.rel1.win32_1.1.100.202309141235/tools/bin/../lib/gcc/arm-none-eabi/11.3.1/thumb/v7e-m/nofp/crtbegin.o

.rodata         0x000000000800d588     0x988c
                0x000000000800d588                . = ALIGN (0x4)
 *(.rodata)
 .rodata        0x000000000800d588      0x2e7 ./Src/main.o
 *fill*         0x000000000800d86f        0x1 
 .rodata        0x000000000800d870      0x706 ./Src/password.o
 *fill*         0x000000000800df76        0x2 
 .rodata        0x000000000800df78        0x2 ./bsp/logo.o
 *fill*         0x000000000800df7a        0x2 
 .rodata        0x000000000800df7c        0x7 ./bsp/st7735.o
 *(.rodata*)
 *fill*         0x000000000800df83        0x1 
 .rodata.Keypad_Button_Chars
                0x000000000800df84       0x10 ./bsp/4x4_keypad.o
                0x000000000800df84                Keypad_Button_Chars
 .rodata.dstr   0x000000000800df94     0x5600 ./bsp/logo.o
                0x000000000800df94                dstr
 .rodata.fingerprintIMG
                0x0000000008013594      0xc80 ./bsp/logo.o
                0x0000000008013594                fingerprintIMG
 .rodata.init_cmds1
                0x0000000008014214       0x3b ./bsp/st7735.o
 *fill*         0x000000000801424f        0x1 
 .rodata.init_cmds2
                0x0000000008014250        0xd ./bsp/st7735.o
 *fill*         0x000000000801425d        0x3 
 .rodata.init_cmds3
                0x0000000008014260       0x2b ./bsp/st7735.o
 *fill*         0x000000000801428b        0x1 
 .rodata.Font7x10
                0x000000000801428c      0x76c ./bsp/st7735_fonts.o
 .rodata.Font11x18
                0x00000000080149f8      0xd5c ./bsp/st7735_fonts.o
 .rodata.Font16x26
                0x0000000008015754     0x134c ./bsp/st7735_fonts.o
 .rodata._printf_float.str1.1
                0x0000000008016aa0       0x12 D:/ST/STM32CubeIDE_1.8.0/STM32CubeIDE/plugins/com.st.stm32cube.ide.mcu.externaltools.gnu-tools-for-stm32.11.3.rel1.win32_1.1.100.202309141235/tools/bin/../lib/gcc/arm-none-eabi/11.3.1/../../../../arm-none-eabi/lib/thumb/v7e-m/nofp\libc_nano.a(libc_a-nano-vfprintf_float.o)
 .rodata._printf_i.str1.1
                0x0000000008016ab2       0x22 D:/ST/STM32CubeIDE_1.8.0/STM32CubeIDE/plugins/com.st.stm32cube.ide.mcu.externaltools.gnu-tools-for-stm32.11.3.rel1.win32_1.1.100.202309141235/tools/bin/../lib/gcc/arm-none-eabi/11.3.1/../../../../arm-none-eabi/lib/thumb/v7e-m/nofp\libc_nano.a(libc_a-nano-vfprintf_i.o)
 .rodata._dtoa_r.str1.1
                0x0000000008016ad4       0x8d D:/ST/STM32CubeIDE_1.8.0/STM32CubeIDE/plugins/com.st.stm32cube.ide.mcu.externaltools.gnu-tools-for-stm32.11.3.rel1.win32_1.1.100.202309141235/tools/bin/../lib/gcc/arm-none-eabi/11.3.1/../../../../arm-none-eabi/lib/thumb/v7e-m/nofp\libc_nano.a(libc_a-dtoa.o)
                                         0x8f (size before relaxing)
 .rodata._Balloc.str1.1
                0x0000000008016b61       0x59 D:/ST/STM32CubeIDE_1.8.0/STM32CubeIDE/plugins/com.st.stm32cube.ide.mcu.externaltools.gnu-tools-for-stm32.11.3.rel1.win32_1.1.100.202309141235/tools/bin/../lib/gcc/arm-none-eabi/11.3.1/../../../../arm-none-eabi/lib/thumb/v7e-m/nofp\libc_nano.a(libc_a-mprec.o)
                                         0x70 (size before relaxing)
 .rodata.__multadd.str1.1
                0x0000000008016bba       0x11 D:/ST/STM32CubeIDE_1.8.0/STM32CubeIDE/plugins/com.st.stm32cube.ide.mcu.externaltools.gnu-tools-for-stm32.11.3.rel1.win32_1.1.100.202309141235/tools/bin/../lib/gcc/arm-none-eabi/11.3.1/../../../../arm-none-eabi/lib/thumb/v7e-m/nofp\libc_nano.a(libc_a-mprec.o)
 *fill*         0x0000000008016bba        0x6 
 .rodata.__mprec_bigtens
                0x0000000008016bc0       0x28 D:/ST/STM32CubeIDE_1.8.0/STM32CubeIDE/plugins/com.st.stm32cube.ide.mcu.externaltools.gnu-tools-for-stm32.11.3.rel1.win32_1.1.100.202309141235/tools/bin/../lib/gcc/arm-none-eabi/11.3.1/../../../../arm-none-eabi/lib/thumb/v7e-m/nofp\libc_nano.a(libc_a-mprec.o)
                0x0000000008016bc0                __mprec_bigtens
 .rodata.__mprec_tens
                0x0000000008016be8       0xc8 D:/ST/STM32CubeIDE_1.8.0/STM32CubeIDE/plugins/com.st.stm32cube.ide.mcu.externaltools.gnu-tools-for-stm32.11.3.rel1.win32_1.1.100.202309141235/tools/bin/../lib/gcc/arm-none-eabi/11.3.1/../../../../arm-none-eabi/lib/thumb/v7e-m/nofp\libc_nano.a(libc_a-mprec.o)
                0x0000000008016be8                __mprec_tens
 .rodata.p05.0  0x0000000008016cb0        0xc D:/ST/STM32CubeIDE_1.8.0/STM32CubeIDE/plugins/com.st.stm32cube.ide.mcu.externaltools.gnu-tools-for-stm32.11.3.rel1.win32_1.1.100.202309141235/tools/bin/../lib/gcc/arm-none-eabi/11.3.1/../../../../arm-none-eabi/lib/thumb/v7e-m/nofp\libc_nano.a(libc_a-mprec.o)
 .rodata._svfprintf_r.str1.1
                0x0000000008016cbc       0x11 D:/ST/STM32CubeIDE_1.8.0/STM32CubeIDE/plugins/com.st.stm32cube.ide.mcu.externaltools.gnu-tools-for-stm32.11.3.rel1.win32_1.1.100.202309141235/tools/bin/../lib/gcc/arm-none-eabi/11.3.1/../../../../arm-none-eabi/lib/thumb/v7e-m/nofp\libc_nano.a(libc_a-nano-svfprintf.o)
 .rodata._vfprintf_r.str1.1
                0x0000000008016ccd       0x11 D:/ST/STM32CubeIDE_1.8.0/STM32CubeIDE/plugins/com.st.stm32cube.ide.mcu.externaltools.gnu-tools-for-stm32.11.3.rel1.win32_1.1.100.202309141235/tools/bin/../lib/gcc/arm-none-eabi/11.3.1/../../../../arm-none-eabi/lib/thumb/v7e-m/nofp\libc_nano.a(libc_a-nano-vfprintf.o)
 .rodata._setlocale_r.str1.1
                0x0000000008016ccd        0x8 D:/ST/STM32CubeIDE_1.8.0/STM32CubeIDE/plugins/com.st.stm32cube.ide.mcu.externaltools.gnu-tools-for-stm32.11.3.rel1.win32_1.1.100.202309141235/tools/bin/../lib/gcc/arm-none-eabi/11.3.1/../../../../arm-none-eabi/lib/thumb/v7e-m/nofp\libc_nano.a(libc_a-locale.o)
                                          0x9 (size before relaxing)
 .rodata.str1.1
                0x0000000008016cd5        0x2 D:/ST/STM32CubeIDE_1.8.0/STM32CubeIDE/plugins/com.st.stm32cube.ide.mcu.externaltools.gnu-tools-for-stm32.11.3.rel1.win32_1.1.100.202309141235/tools/bin/../lib/gcc/arm-none-eabi/11.3.1/../../../../arm-none-eabi/lib/thumb/v7e-m/nofp\libc_nano.a(libc_a-locale.o)
 .rodata.__assert_func.str1.1
                0x0000000008016cd7       0x3c D:/ST/STM32CubeIDE_1.8.0/STM32CubeIDE/plugins/com.st.stm32cube.ide.mcu.externaltools.gnu-tools-for-stm32.11.3.rel1.win32_1.1.100.202309141235/tools/bin/../lib/gcc/arm-none-eabi/11.3.1/../../../../arm-none-eabi/lib/thumb/v7e-m/nofp\libc_nano.a(libc_a-assert.o)
                                         0x3d (size before relaxing)
 .rodata._ctype_
                0x0000000008016d13      0x101 D:/ST/STM32CubeIDE_1.8.0/STM32CubeIDE/plugins/com.st.stm32cube.ide.mcu.externaltools.gnu-tools-for-stm32.11.3.rel1.win32_1.1.100.202309141235/tools/bin/../lib/gcc/arm-none-eabi/11.3.1/../../../../arm-none-eabi/lib/thumb/v7e-m/nofp\libc_nano.a(libc_a-ctype_.o)
                0x0000000008016d13                _ctype_
                0x0000000008016e14                . = ALIGN (0x4)

.ARM.extab      0x0000000008016e14        0x0
                0x0000000008016e14                . = ALIGN (0x4)
 *(.ARM.extab* .gnu.linkonce.armextab.*)
                0x0000000008016e14                . = ALIGN (0x4)

.ARM            0x0000000008016e14        0x8
                0x0000000008016e14                . = ALIGN (0x4)
                0x0000000008016e14                __exidx_start = .
 *(.ARM.exidx*)
 .ARM.exidx     0x0000000008016e14        0x8 D:/ST/STM32CubeIDE_1.8.0/STM32CubeIDE/plugins/com.st.stm32cube.ide.mcu.externaltools.gnu-tools-for-stm32.11.3.rel1.win32_1.1.100.202309141235/tools/bin/../lib/gcc/arm-none-eabi/11.3.1/thumb/v7e-m/nofp\libgcc.a(_udivmoddi4.o)
                0x0000000008016e1c                __exidx_end = .
                0x0000000008016e1c                . = ALIGN (0x4)

.rel.dyn        0x0000000008016e1c        0x0
 .rel.iplt      0x0000000008016e1c        0x0 D:/ST/STM32CubeIDE_1.8.0/STM32CubeIDE/plugins/com.st.stm32cube.ide.mcu.externaltools.gnu-tools-for-stm32.11.3.rel1.win32_1.1.100.202309141235/tools/bin/../lib/gcc/arm-none-eabi/11.3.1/thumb/v7e-m/nofp/crtbegin.o

.preinit_array  0x0000000008016e1c        0x0
                0x0000000008016e1c                . = ALIGN (0x4)
                0x0000000008016e1c                PROVIDE (__preinit_array_start = .)
 *(.preinit_array*)
                0x0000000008016e1c                PROVIDE (__preinit_array_end = .)
                0x0000000008016e1c                . = ALIGN (0x4)

.init_array     0x0000000008016e1c        0x4
                0x0000000008016e1c                . = ALIGN (0x4)
                0x0000000008016e1c                PROVIDE (__init_array_start = .)
 *(SORT_BY_NAME(.init_array.*))
 *(.init_array*)
 .init_array    0x0000000008016e1c        0x4 D:/ST/STM32CubeIDE_1.8.0/STM32CubeIDE/plugins/com.st.stm32cube.ide.mcu.externaltools.gnu-tools-for-stm32.11.3.rel1.win32_1.1.100.202309141235/tools/bin/../lib/gcc/arm-none-eabi/11.3.1/thumb/v7e-m/nofp/crtbegin.o
                0x0000000008016e20                PROVIDE (__init_array_end = .)
                0x0000000008016e20                . = ALIGN (0x4)

.fini_array     0x0000000008016e20        0x4
                0x0000000008016e20                . = ALIGN (0x4)
                [!provide]                        PROVIDE (__fini_array_start = .)
 *(SORT_BY_NAME(.fini_array.*))
 *(.fini_array*)
 .fini_array    0x0000000008016e20        0x4 D:/ST/STM32CubeIDE_1.8.0/STM32CubeIDE/plugins/com.st.stm32cube.ide.mcu.externaltools.gnu-tools-for-stm32.11.3.rel1.win32_1.1.100.202309141235/tools/bin/../lib/gcc/arm-none-eabi/11.3.1/thumb/v7e-m/nofp/crtbegin.o
                [!provide]                        PROVIDE (__fini_array_end = .)
                0x0000000008016e24                . = ALIGN (0x4)
                0x0000000008016e24                _sidata = LOADADDR (.data)

.data           0x0000000020000000      0x21c load address 0x0000000008016e24
                0x0000000020000000                . = ALIGN (0x4)
                0x0000000020000000                _sdata = .
 *(.data)
 *(.data*)
 .data.SystemCoreClock
                0x0000000020000000        0x4 ./Drivers/Src/stm32f407xx_rcc.o
                0x0000000020000000                SystemCoreClock
 .data.a_AHB_Prescaler
                0x0000000020000004       0x10 ./Drivers/Src/stm32f407xx_rcc.o
                0x0000000020000004                a_AHB_Prescaler
 .data.a_APB1_Prescaler
                0x0000000020000014        0x8 ./Drivers/Src/stm32f407xx_rcc.o
                0x0000000020000014                a_APB1_Prescaler
 .data.a_APB2_Prescaler
                0x000000002000001c        0x8 ./Drivers/Src/stm32f407xx_rcc.o
                0x000000002000001c                a_APB2_Prescaler
 .data.alarm_time
                0x0000000020000024        0x4 ./Src/password.o
                0x0000000020000024                alarm_time
 .data.admin_password
                0x0000000020000028        0x6 ./Src/password.o
                0x0000000020000028                admin_password
 *fill*         0x000000002000002e        0x2 
 .data.user_password
                0x0000000020000030        0x4 ./Src/password.o
                0x0000000020000030                user_password
 .data._data_rotation
                0x0000000020000034        0x4 ./bsp/st7735.o
 .data._height  0x0000000020000038        0x2 ./bsp/st7735.o
 .data._width   0x000000002000003a        0x2 ./bsp/st7735.o
 .data.Font_7x10
                0x000000002000003c        0x8 ./bsp/st7735_fonts.o
                0x000000002000003c                Font_7x10
 .data.Font_11x18
                0x0000000020000044        0x8 ./bsp/st7735_fonts.o
                0x0000000020000044                Font_11x18
 .data.Font_16x26
                0x000000002000004c        0x8 ./bsp/st7735_fonts.o
                0x000000002000004c                Font_16x26
 .data.__sglue  0x0000000020000054        0xc D:/ST/STM32CubeIDE_1.8.0/STM32CubeIDE/plugins/com.st.stm32cube.ide.mcu.externaltools.gnu-tools-for-stm32.11.3.rel1.win32_1.1.100.202309141235/tools/bin/../lib/gcc/arm-none-eabi/11.3.1/../../../../arm-none-eabi/lib/thumb/v7e-m/nofp\libc_nano.a(libc_a-findfp.o)
                0x0000000020000054                __sglue
 .data._impure_data
                0x0000000020000060       0x4c D:/ST/STM32CubeIDE_1.8.0/STM32CubeIDE/plugins/com.st.stm32cube.ide.mcu.externaltools.gnu-tools-for-stm32.11.3.rel1.win32_1.1.100.202309141235/tools/bin/../lib/gcc/arm-none-eabi/11.3.1/../../../../arm-none-eabi/lib/thumb/v7e-m/nofp\libc_nano.a(libc_a-impure.o)
                0x0000000020000060                _impure_data
 .data._impure_ptr
                0x00000000200000ac        0x4 D:/ST/STM32CubeIDE_1.8.0/STM32CubeIDE/plugins/com.st.stm32cube.ide.mcu.externaltools.gnu-tools-for-stm32.11.3.rel1.win32_1.1.100.202309141235/tools/bin/../lib/gcc/arm-none-eabi/11.3.1/../../../../arm-none-eabi/lib/thumb/v7e-m/nofp\libc_nano.a(libc_a-impure.o)
                0x00000000200000ac                _impure_ptr
 .data.__global_locale
                0x00000000200000b0      0x16c D:/ST/STM32CubeIDE_1.8.0/STM32CubeIDE/plugins/com.st.stm32cube.ide.mcu.externaltools.gnu-tools-for-stm32.11.3.rel1.win32_1.1.100.202309141235/tools/bin/../lib/gcc/arm-none-eabi/11.3.1/../../../../arm-none-eabi/lib/thumb/v7e-m/nofp\libc_nano.a(libc_a-locale.o)
                0x00000000200000b0                __global_locale
 *(.RamFunc)
 *(.RamFunc*)
                0x000000002000021c                . = ALIGN (0x4)
                0x000000002000021c                _edata = .
                0x0000000008017040                _siccmram = LOADADDR (.ccmram)

.igot.plt       0x000000002000021c        0x0 load address 0x0000000008017040
 .igot.plt      0x000000002000021c        0x0 D:/ST/STM32CubeIDE_1.8.0/STM32CubeIDE/plugins/com.st.stm32cube.ide.mcu.externaltools.gnu-tools-for-stm32.11.3.rel1.win32_1.1.100.202309141235/tools/bin/../lib/gcc/arm-none-eabi/11.3.1/thumb/v7e-m/nofp/crtbegin.o

.ccmram         0x0000000010000000        0x0 load address 0x0000000008017040
                0x0000000010000000                . = ALIGN (0x4)
                0x0000000010000000                _sccmram = .
 *(.ccmram)
 *(.ccmram*)
                0x0000000010000000                . = ALIGN (0x4)
                0x0000000010000000                _eccmram = .
                0x0000000010000000                . = ALIGN (0x4)

.bss            0x000000002000021c      0x66c
                0x000000002000021c                _sbss = .
                0x000000002000021c                __bss_start__ = _sbss
 *(.bss)
 .bss           0x000000002000021c       0x1c D:/ST/STM32CubeIDE_1.8.0/STM32CubeIDE/plugins/com.st.stm32cube.ide.mcu.externaltools.gnu-tools-for-stm32.11.3.rel1.win32_1.1.100.202309141235/tools/bin/../lib/gcc/arm-none-eabi/11.3.1/thumb/v7e-m/nofp/crtbegin.o
 *(.bss*)
 .bss.millis    0x0000000020000238        0x4 ./Drivers/Src/stm32f407xx_system.o
                0x0000000020000238                millis
 .bss.R308_USART_Handle
                0x000000002000023c      0x430 ./Src/main.o
                0x000000002000023c                R308_USART_Handle
 .bss.R308_Config_Handle
                0x000000002000066c       0x2c ./Src/main.o
                0x000000002000066c                R308_Config_Handle
 .bss.ST7735Handle
                0x0000000020000698       0x20 ./Src/main.o
                0x0000000020000698                ST7735Handle
 .bss.TIM3Handle
                0x00000000200006b8       0x2c ./Src/main.o
                0x00000000200006b8                TIM3Handle
 .bss.TIM2Handle
                0x00000000200006e4       0x2c ./Src/main.o
                0x00000000200006e4                TIM2Handle
 .bss.key       0x0000000020000710        0x1 ./Src/main.o
                0x0000000020000710                key
 .bss.SystemState
                0x0000000020000711        0x1 ./Src/main.o
                0x0000000020000711                SystemState
 *fill*         0x0000000020000712        0x2 
 .bss.counter_1s
                0x0000000020000714        0x4 ./Src/main.o
                0x0000000020000714                counter_1s
 .bss.keypad_input
                0x0000000020000718       0x14 ./Src/password.o
                0x0000000020000718                keypad_input
 .bss.input_password
                0x000000002000072c        0x6 ./Src/password.o
                0x000000002000072c                input_password
 *fill*         0x0000000020000732        0x2 
 .bss.__sbrk_heap_end
                0x0000000020000734        0x4 ./Src/sysmem.o
 .bss._value_rotation
                0x0000000020000738        0x1 ./bsp/st7735.o
 .bss._xstart   0x0000000020000739        0x1 ./bsp/st7735.o
 .bss._ystart   0x000000002000073a        0x1 ./bsp/st7735.o
 *fill*         0x000000002000073b        0x1 
 .bss.__sf      0x000000002000073c      0x138 D:/ST/STM32CubeIDE_1.8.0/STM32CubeIDE/plugins/com.st.stm32cube.ide.mcu.externaltools.gnu-tools-for-stm32.11.3.rel1.win32_1.1.100.202309141235/tools/bin/../lib/gcc/arm-none-eabi/11.3.1/../../../../arm-none-eabi/lib/thumb/v7e-m/nofp\libc_nano.a(libc_a-findfp.o)
                0x000000002000073c                __sf
 .bss.__stdio_exit_handler
                0x0000000020000874        0x4 D:/ST/STM32CubeIDE_1.8.0/STM32CubeIDE/plugins/com.st.stm32cube.ide.mcu.externaltools.gnu-tools-for-stm32.11.3.rel1.win32_1.1.100.202309141235/tools/bin/../lib/gcc/arm-none-eabi/11.3.1/../../../../arm-none-eabi/lib/thumb/v7e-m/nofp\libc_nano.a(libc_a-findfp.o)
                0x0000000020000874                __stdio_exit_handler
 .bss.errno     0x0000000020000878        0x4 D:/ST/STM32CubeIDE_1.8.0/STM32CubeIDE/plugins/com.st.stm32cube.ide.mcu.externaltools.gnu-tools-for-stm32.11.3.rel1.win32_1.1.100.202309141235/tools/bin/../lib/gcc/arm-none-eabi/11.3.1/../../../../arm-none-eabi/lib/thumb/v7e-m/nofp\libc_nano.a(libc_a-reent.o)
                0x0000000020000878                errno
 .bss.__lock___malloc_recursive_mutex
                0x000000002000087c        0x1 D:/ST/STM32CubeIDE_1.8.0/STM32CubeIDE/plugins/com.st.stm32cube.ide.mcu.externaltools.gnu-tools-for-stm32.11.3.rel1.win32_1.1.100.202309141235/tools/bin/../lib/gcc/arm-none-eabi/11.3.1/../../../../arm-none-eabi/lib/thumb/v7e-m/nofp\libc_nano.a(libc_a-lock.o)
                0x000000002000087c                __lock___malloc_recursive_mutex
 .bss.__lock___sfp_recursive_mutex
                0x000000002000087d        0x1 D:/ST/STM32CubeIDE_1.8.0/STM32CubeIDE/plugins/com.st.stm32cube.ide.mcu.externaltools.gnu-tools-for-stm32.11.3.rel1.win32_1.1.100.202309141235/tools/bin/../lib/gcc/arm-none-eabi/11.3.1/../../../../arm-none-eabi/lib/thumb/v7e-m/nofp\libc_nano.a(libc_a-lock.o)
                0x000000002000087d                __lock___sfp_recursive_mutex
 *fill*         0x000000002000087e        0x2 
 .bss.__malloc_free_list
                0x0000000020000880        0x4 D:/ST/STM32CubeIDE_1.8.0/STM32CubeIDE/plugins/com.st.stm32cube.ide.mcu.externaltools.gnu-tools-for-stm32.11.3.rel1.win32_1.1.100.202309141235/tools/bin/../lib/gcc/arm-none-eabi/11.3.1/../../../../arm-none-eabi/lib/thumb/v7e-m/nofp\libc_nano.a(libc_a-mallocr.o)
                0x0000000020000880                __malloc_free_list
 .bss.__malloc_sbrk_start
                0x0000000020000884        0x4 D:/ST/STM32CubeIDE_1.8.0/STM32CubeIDE/plugins/com.st.stm32cube.ide.mcu.externaltools.gnu-tools-for-stm32.11.3.rel1.win32_1.1.100.202309141235/tools/bin/../lib/gcc/arm-none-eabi/11.3.1/../../../../arm-none-eabi/lib/thumb/v7e-m/nofp\libc_nano.a(libc_a-mallocr.o)
                0x0000000020000884                __malloc_sbrk_start
 *(COMMON)
                0x0000000020000888                . = ALIGN (0x4)
                0x0000000020000888                _ebss = .
                0x0000000020000888                __bss_end__ = _ebss

._user_heap_stack
                0x0000000020000888      0x600
                0x0000000020000888                . = ALIGN (0x8)
                [!provide]                        PROVIDE (end = .)
                0x0000000020000888                PROVIDE (_end = .)
                0x0000000020000a88                . = (. + _Min_Heap_Size)
 *fill*         0x0000000020000888      0x200 
                0x0000000020000e88                . = (. + _Min_Stack_Size)
 *fill*         0x0000000020000a88      0x400 
                0x0000000020000e88                . = ALIGN (0x8)

/DISCARD/
 libc.a(*)
 libm.a(*)
 libgcc.a(*)

.ARM.attributes
                0x0000000000000000       0x2a
 *(.ARM.attributes)
 .ARM.attributes
                0x0000000000000000       0x1e D:/ST/STM32CubeIDE_1.8.0/STM32CubeIDE/plugins/com.st.stm32cube.ide.mcu.externaltools.gnu-tools-for-stm32.11.3.rel1.win32_1.1.100.202309141235/tools/bin/../lib/gcc/arm-none-eabi/11.3.1/thumb/v7e-m/nofp/crti.o
 .ARM.attributes
                0x000000000000001e       0x2e D:/ST/STM32CubeIDE_1.8.0/STM32CubeIDE/plugins/com.st.stm32cube.ide.mcu.externaltools.gnu-tools-for-stm32.11.3.rel1.win32_1.1.100.202309141235/tools/bin/../lib/gcc/arm-none-eabi/11.3.1/thumb/v7e-m/nofp/crtbegin.o
 .ARM.attributes
                0x000000000000004c       0x2e ./Drivers/Src/stm32f407xx_gpio.o
 .ARM.attributes
                0x000000000000007a       0x2e ./Drivers/Src/stm32f407xx_rcc.o
 .ARM.attributes