../bsp/r308.c:56:6:R308_USART_Init	32	static
../bsp/r308.c:138:10:R308_USART_WriteByte	24	static
../bsp/r308.c:181:9:R308_USART_ReadByte	16	static
../bsp/r308.c:214:10:R308_USART_Write	24	static
../bsp/r308.c:244:10:R308_USART_Read	24	static
../bsp/r308.c:271:10:R308_USART_GetNumOfAvailableRxBytes	4	static
../bsp/r308.c:287:6:R308_USART_Standby	8	static
../bsp/r308.c:310:6:R308_SetTimeout	16	static
../bsp/r308.c:330:9:R308_Init	24	static
../bsp/r308.c:367:9:R308_GetImage	16	static
../bsp/r308.c:396:9:R308_GenChar	24	static
../bsp/r308.c:422:9:R308_RegModel	16	static
../bsp/r308.c:448:9:R308_Empty	16	static
../bsp/r308.c:480:9:R308_Store	24	static
../bsp/r308.c:516:9:R308_LoadChar	24	static
../bsp/r308.c:549:9:R308_UpChar	24	static
../bsp/r308.c:580:9:R308_DownChar	24	static
../bsp/r308.c:608:9:R308_UpImage2Host	16	static
../bsp/r308.c:633:9:R308_DownImageFromHost	16	static
../bsp/r308.c:661:9:R308_SearchDatabase	24	static
../bsp/r308.c:709:9:R308_DeletChar	24	static
../bsp/r308.c:738:9:R308_TemplateNum	16	static
../bsp/r308.c:755:6:USART1_IRQHandler	8	static
../bsp/r308.c:760:6:USART3_IRQHandler	8	static
../bsp/r308.c:767:16:r308_usart_non_blocking_read_byte	16	static
../bsp/r308.c:785:6:r308_write_packet	40	static
../bsp/r308.c:814:9:r308_get_reply	56	static
../bsp/r308.c:981:16:r308_read_ack_package	24	static
../bsp/r308.c:1006:16:r308_read_temp_num_bytes	24	static
../bsp/r308.c:1031:13:r308_irq_handler	24	static
