../bsp/st7735.c:118:13:ST7735_Reset	8	static
../bsp/st7735.c:125:13:ST7735_WriteCommand	16	static
../bsp/st7735.c:135:13:ST7735_WriteData	24	static
../bsp/st7735.c:146:13:ST7735_ExecuteCommandList	24	static
../bsp/st7735.c:176:13:ST7735_SetAddressWindow	32	static
../bsp/st7735.c:193:13:ST7735_WriteChar	48	static
../bsp/st7735.c:218:6:ST7735_Init	8	static
../bsp/st7735.c:230:13:ST7735_GPIO_Init	24	static
../bsp/st7735.c:277:6:ST7735_DrawPixel	24	static
../bsp/st7735.c:291:6:ST7735_DrawString	32	static
../bsp/st7735.c:322:6:ST7735_Print	96	static
../bsp/st7735.c:365:6:ST7735_FillRectangle	32	static
../bsp/st7735.c:392:6:ST7735_FillScreen	24	static
../bsp/st7735.c:397:6:ST7735_DrawImage	24	static
../bsp/st7735.c:409:6:ST7735_InvertColors	16	static
../bsp/st7735.c:416:6:ST7735_Backlight_On	8	static
../bsp/st7735.c:421:6:ST7735_Backlight_Off	8	static
../bsp/st7735.c:430:6:ST7735_DrawCircle	32	static
../bsp/st7735.c:470:6:ST7735_DrawCircleHelper	32	static
../bsp/st7735.c:516:6:ST7735_FillCircle	32	static
../bsp/st7735.c:527:6:ST7735_FillCircleHelper	32	static
../bsp/st7735.c:564:6:ST7735_DrawEllipse	48	static
../bsp/st7735.c:608:6:ST7735_FillEllipse	48	static
../bsp/st7735.c:652:6:ST7735_DrawRect	24	static
../bsp/st7735.c:665:6:ST7735_DrawRoundRect	32	static
../bsp/st7735.c:684:6:ST7735_FillRoundRect	32	static
../bsp/st7735.c:699:6:ST7735_DrawTriangle	32	static
../bsp/st7735.c:711:6:ST7735_FillTriangle	64	static
../bsp/st7735.c:794:6:ST7735_DrawLine	48	static
../bsp/st7735.c:848:6:ST7735_DrawFastVLine	32	static
../bsp/st7735.c:861:6:ST7735_DrawFastHLine	32	static
../bsp/st7735.c:874:6:ST7735_SetRotation	24	static
../bsp/st7735.c:928:9:ST7735_GetRotation	4	static
../bsp/st7735.c:933:9:ST7735_GetHeight	4	static
../bsp/st7735.c:938:9:ST7735_GetWidth	4	static
