D:/Users/nabla/STM32CubeIDE/TI_like_workspace/FingerprintLock/Drivers/CMSIS/core_cm4.h:1688:22:__NVIC_EnableIRQ	16	static
D:/Users/nabla/STM32CubeIDE/TI_like_workspace/FingerprintLock/Drivers/CMSIS/core_cm4.h:1816:22:__NVIC_SetPriority	16	static
../Src/main.c:76:6:ST7735_Config	24	static
../Src/main.c:122:9:R308_Config	16	static
../Src/main.c:143:5:main	24	static
../Src/main.c:238:6:TIM_PeriodElapsedCallback	16	static
../Src/main.c:257:6:TIM3_IRQHandler	8	static
../Src/main.c:278:6:MainMenu	8	static
../Src/main.c:336:9:GetFreeIndex	32	static
../Src/main.c:367:6:EnrollFingerprint	40	static
../Src/main.c:526:6:EnrollmentAttempt	16	static
../Src/main.c:553:6:SearchDatabase	32	static
../Src/main.c:652:6:TIM2_Config	56	static
../Src/main.c:694:6:TIM3_Config	24	static
../Src/main.c:725:6:SystemClock_Config	80	static
